\BOOKMARK [0][]{chapter.1}{\376\377\0001\000\040\116\000\226\066\213\355\212\000\116\016\176\323\147\204}{}% 1
\BOOKMARK [1][]{section.1.1}{\376\377\0001\000.\0001\000\040\116\000\226\066\213\355\212\000}{chapter.1}% 2
\BOOKMARK [1][]{section.1.2}{\376\377\0001\000.\0002\000\040\176\323\147\204\377\010\211\343\221\312\377\011}{chapter.1}% 3
\BOOKMARK [1][]{section.1.3}{\376\377\0001\000.\0003\000\040\117\213\133\120}{chapter.1}% 4
\BOOKMARK [0][]{chapter.2}{\376\377\0002\000\040\213\315\060\001\230\171\116\016\121\154\137\017}{}% 5
\BOOKMARK [1][]{section.2.1}{\376\377\0002\000.\0001\000\040\213\315\116\016\230\171}{chapter.2}% 6
\BOOKMARK [1][]{section.2.2}{\376\377\0002\000.\0002\000\040\121\154\137\017}{chapter.2}% 7
\BOOKMARK [0][]{chapter.3}{\376\377\0003\000\040\116\000\226\066\213\355\116\111\377\032\156\341\215\263\121\163\174\373}{}% 8
\BOOKMARK [1][]{section.3.1}{\376\377\0003\000.\0001\000\040\156\341\215\263\121\163\174\373}{chapter.3}% 9
\BOOKMARK [0][]{chapter.4}{\376\377\0004\000\040\230\171\116\343\145\160\060\001\124\014\140\001\116\016\125\106\176\323\147\204}{}% 10
\BOOKMARK [1][]{section.4.1}{\376\377\0004\000.\0001\000\040\230\171\116\343\145\160\116\016\165\037\142\020\133\120\116\343\145\160}{chapter.4}% 11
\BOOKMARK [1][]{section.4.2}{\376\377\0004\000.\0002\000\040\124\014\140\001\116\016\125\106\176\323\147\204}{chapter.4}% 12
\BOOKMARK [0][]{chapter.5}{\376\377\0005\000\040\215\205\156\344\133\120\060\001\215\205\171\357\116\016\215\205\136\102}{}% 13
\BOOKMARK [1][]{section.5.1}{\376\377\0005\000.\0001\000\040\156\344\133\120}{chapter.5}% 14
\BOOKMARK [2][]{subsection.5.1.1}{\376\377\0005\000.\0001\000.\0001\000\040\215\205\156\344\133\120}{section.5.1}% 15
\BOOKMARK [2][]{subsection.5.1.2}{\376\377\0005\000.\0001\000.\0002\000\040\215\205\171\357\116\016\215\205\136\102}{section.5.1}% 16
\BOOKMARK [0][]{chapter.6}{\376\377\0006\000\040\175\047\201\364\140\047\133\232\164\006\116\016\136\224\165\050}{}% 17
\BOOKMARK [1][]{section.6.1}{\376\377\0006\000.\0001\000\040\123\357\156\341\215\263\140\047\116\016\175\047\201\364\140\047}{chapter.6}% 18
\BOOKMARK [1][]{section.6.2}{\376\377\0006\000.\0002\000\040\201\352\165\061\123\330\221\317\116\016\213\355\123\345}{chapter.6}% 19
\BOOKMARK [1][]{section.6.3}{\376\377\0006\000.\0003\000\040\122\035\173\111\173\111\116\367\116\016\122\035\173\111\133\120\176\323\147\204}{chapter.6}% 20
\BOOKMARK [1][]{section.6.4}{\376\377\0006\000.\0004\000\040\164\006\213\272\116\016\152\041\127\213}{chapter.6}% 21
\BOOKMARK [1][]{section.6.5}{\376\377\0006\000.\0005\000\040\000T\000a\000r\000s\000k\000i\040\023\000V\000a\000u\000g\000h\000t\000\040\122\044\122\053\154\325}{chapter.6}% 22
\BOOKMARK [0][]{chapter.7}{\376\377\0007\000\040\000L\000\366\000w\000e\000n\000h\000e\000i\000m\040\023\000S\000k\000o\000l\000e\000m\000\040\133\232\164\006}{}% 23
\BOOKMARK [1][]{section.7.1}{\376\377\0007\000.\0001\000\040\000L\000\366\000w\000e\000n\000h\000e\000i\000m\040\023\000S\000k\000o\000l\000e\000m\000\040\133\232\164\006}{chapter.7}% 24
\BOOKMARK [1][]{section.7.2}{\376\377\0007\000.\0002\000\040\133\120\213\355\212\000\116\016\176\323\147\204\176\246\123\026}{chapter.7}% 25
\BOOKMARK [1][]{section.7.3}{\376\377\0007\000.\0003\000\040\230\171\116\016\121\154\137\017\166\204\116\343\143\142}{chapter.7}% 26
\BOOKMARK [1][]{section.7.4}{\376\377\0007\000.\0004\000\040\123\302\145\160\142\151\137\040\116\016\133\214\121\150\126\376\171\072}{chapter.7}% 27
\BOOKMARK [1][]{section.7.5}{\376\377\0007\000.\0005\000\040\116\343\145\160\225\355\127\337\166\204\152\041\127\213\213\272}{chapter.7}% 28
\BOOKMARK [0][]{chapter.8}{\376\377\0008\000\040\122\035\173\111\135\114\121\145\116\016\221\317\213\315\155\210\123\273}{}% 29
\BOOKMARK [1][]{section.8.1}{\376\377\0008\000.\0001\000\040\122\035\173\111\135\114\121\145\116\016\221\317\213\315\155\210\123\273}{chapter.8}% 30
\BOOKMARK [1][]{section.8.2}{\376\377\0008\000.\0002\000\040\221\317\213\315\155\210\123\273\166\204\122\044\122\053\121\306\122\031}{chapter.8}% 31
\BOOKMARK [0][]{chapter.9}{\376\377\0009\000\040\116\343\145\160\225\355\127\337\166\204\221\317\213\315\155\210\123\273}{}% 32
\BOOKMARK [1][]{section.9.1}{\376\377\0009\000.\0001\000\040\116\343\145\160\225\355\127\337\166\204\221\317\213\315\155\210\123\273}{chapter.9}% 33
\BOOKMARK [1][]{section.9.2}{\376\377\0009\000.\0002\000\040\000H\000i\000l\000b\000e\000r\000t\000\040\226\366\160\271\133\232\164\006}{chapter.9}% 34
\BOOKMARK [1][]{section.9.3}{\376\377\0009\000.\0003\000\040\145\340\221\317\213\315\121\154\137\017\166\204\150\007\121\306\137\142}{chapter.9}% 35
\BOOKMARK [0][]{chapter.10}{\376\377\0001\0000\000\040\165\037\142\020\133\120\176\323\147\204\116\016\174\173\127\213}{}% 36
\BOOKMARK [1][]{section.10.1}{\376\377\0001\0000\000.\0001\000\040\165\037\142\020\133\120\176\323\147\204\116\016\174\173\127\213}{chapter.10}% 37
\BOOKMARK [1][]{section.10.2}{\376\377\0001\0000\000.\0002\000\040\174\173\127\213\116\016\133\214\121\150\127\213}{chapter.10}% 38
\BOOKMARK [1][]{section.10.3}{\376\377\0001\0000\000.\0003\000\040\000S\000t\000o\000n\000e\000\040\172\172\225\364}{chapter.10}% 39
