\BOOKMARK [0][]{chapter.1}{\376\377\0001\000\040\116\343\145\160\127\372\170\100}{}% 1
\BOOKMARK [1][]{section.1.1}{\376\377\0001\000.\0001\000\040\116\343\145\160\166\204\127\372\147\054\151\202\137\365}{chapter.1}% 2
\BOOKMARK [1][]{section.1.2}{\376\377\0001\000.\0002\000\040\214\061\164\006\213\272\127\372\170\100}{chapter.1}% 3
\BOOKMARK [1][]{section.1.3}{\376\377\0001\000.\0003\000\040\136\172\121\103\123\026}{chapter.1}% 4
\BOOKMARK [1][]{section.1.4}{\376\377\0001\000.\0004\000\040\214\061\166\204\140\047\215\050}{chapter.1}% 5
\BOOKMARK [1][]{section.1.5}{\376\377\0001\000.\0005\000\040\214\061\166\204\117\213\133\120}{chapter.1}% 6
\BOOKMARK [1][]{section.1.6}{\376\377\0001\000.\0006\000\040\214\061\116\016\162\171\137\201}{chapter.1}% 7
\BOOKMARK [2][]{subsection.1.6.1}{\376\377\0001\000.\0006\000.\0001\000\040\000B\000a\000n\000a\000c\000h\116\343\145\160}{section.1.6}% 8
\BOOKMARK [1][]{section.1.7}{\376\377\0001\000.\0007\000\040\131\032\230\171\137\017\116\343\145\160}{chapter.1}% 9
\BOOKMARK [1][]{section.1.8}{\376\377\0001\000.\0008\000\040\116\130\133\120\116\343\145\160}{chapter.1}% 10
\BOOKMARK [0][]{chapter.2}{\376\377\0002\000\040\000*\116\343\145\160\116\016\000C\000*\116\343\145\160}{}% 11
\BOOKMARK [1][]{section.2.1}{\376\377\0002\000.\0001\000\040\000*\116\343\145\160}{chapter.2}% 12
\BOOKMARK [1][]{section.2.2}{\376\377\0002\000.\0002\000\040\000*\116\343\145\160\136\172\121\103\123\026}{chapter.2}% 13
\BOOKMARK [1][]{section.2.3}{\376\377\0002\000.\0003\000\040\000C\000*\116\343\145\160\136\172\121\103\123\026}{chapter.2}% 14
\BOOKMARK [2][]{subsection.2.3.1}{\376\377\0002\000.\0003\000.\0001\000\040\000A\116\072\124\053\136\172\000\050\000e\000\051\166\204\000C\000*\116\343\145\160}{section.2.3}% 15
\BOOKMARK [2][]{subsection.2.3.2}{\376\377\0002\000.\0003\000.\0002\000\040\000\040\000A\116\072\000C\000*\116\343\145\160\116\024\116\015\124\053\136\172}{section.2.3}% 16
\BOOKMARK [0][]{chapter.3}{\376\377\0003\000\040\000G\000e\000l\000f\000a\000n\000d\164\006\213\272\116\016\133\371\120\166\140\047}{}% 17
\BOOKMARK [1][]{section.3.1}{\376\377\0003\000.\0001\000\040\000G\000e\000l\000f\000a\000n\000d\164\006\213\272}{chapter.3}% 18
\BOOKMARK [1][]{section.3.2}{\376\377\0003\000.\0002\000\040\214\061\123\112\137\204\121\154\137\017}{chapter.3}% 19
\BOOKMARK [1][]{section.3.3}{\376\377\0003\000.\0003\000\040\167\037\000*\124\014\140\001\116\016\140\160\137\123\203\003\165\164}{chapter.3}% 20
\BOOKMARK [1][]{section.3.4}{\376\377\0003\000.\0004\000\040\121\375\145\160\217\320\173\227}{chapter.3}% 21
\BOOKMARK [1][]{section.3.5}{\376\377\0003\000.\0005\000\040\214\061\116\016\133\120\116\343\145\160}{chapter.3}% 22
\BOOKMARK [1][]{section.3.6}{\376\377\0003\000.\0006\000\040\217\336\176\355\121\375\145\160\157\024\173\227}{chapter.3}% 23
\BOOKMARK [1][]{section.3.7}{\376\377\0003\000.\0007\000\040\153\143\121\103}{chapter.3}% 24
\BOOKMARK [1][]{section.3.8}{\376\377\0003\000.\0008\000\040\143\007\145\160\121\375\145\160\116\016\214\061}{chapter.3}% 25
\BOOKMARK [1][]{section.3.9}{\376\377\0003\000.\0009\000\040\000G\000e\000l\000f\000a\000n\000d\133\232\164\006}{chapter.3}% 26
\BOOKMARK [1][]{section.3.10}{\376\377\0003\000.\0001\0000\000\040\203\003\165\164\173\111\116\367}{chapter.3}% 27
\BOOKMARK [1][]{section.3.11}{\376\377\0003\000.\0001\0001\000\040\140\160\137\123\146\040\134\004}{chapter.3}% 28
\BOOKMARK [1][]{section.3.12}{\376\377\0003\000.\0001\0002\000\040\153\143\121\103\166\204\217\333\116\000\153\145\140\047\215\050}{chapter.3}% 29
\BOOKMARK [0][]{chapter.4}{\376\377\0004\000\040\220\074\217\321\123\125\117\115\121\103\060\001\164\006\140\363\116\016\210\150\171\072}{}% 30
\BOOKMARK [1][]{section.4.1}{\376\377\0004\000.\0001\000\040\220\074\217\321\123\125\117\115\121\103}{chapter.4}% 31
\BOOKMARK [1][]{section.4.2}{\376\377\0004\000.\0002\000\040\210\150\171\072\116\016\152\041}{chapter.4}% 32
\BOOKMARK [2][]{subsection.4.2.1}{\376\377\0004\000.\0002\000.\0001\000\040\123\125\000\040\000*\000-\124\014\140\001\117\335\203\003}{section.4.2}% 33
\BOOKMARK [2][]{subsection.4.2.2}{\376\377\0004\000.\0002\000.\0002\000\040\227\136\220\000\123\026\152\041}{section.4.2}% 34
\BOOKMARK [2][]{subsection.4.2.3}{\376\377\0004\000.\0002\000.\0003\000\040\137\252\163\257\124\021\221\317}{section.4.2}% 35
\BOOKMARK [2][]{subsection.4.2.4}{\376\377\0004\000.\0002\000.\0004\000\040\153\143\176\277\140\047\146\040\134\004\116\016\153\143\154\333\121\375}{section.4.2}% 36
\BOOKMARK [2][]{subsection.4.2.5}{\376\377\0004\000.\0002\000.\0005\000\040\000G\000N\000S\000\040\147\204\220\040}{section.4.2}% 37
