\BOOKMARK [0][]{chapter.1}{\376\377\0001\000\040\116\343\145\160\174\373\176\337\127\372\170\100}{}% 1
\BOOKMARK [1][]{section.1.1}{\376\377\0001\000.\0001\000\040\217\320\173\227\116\016\116\343\145\160\174\373\176\337}{chapter.1}% 2
\BOOKMARK [1][]{section.1.2}{\376\377\0001\000.\0002\000\040\177\244\060\001\163\257\116\016\127\337}{chapter.1}% 3
\BOOKMARK [1][]{section.1.3}{\376\377\0001\000.\0003\000\040\124\014\147\204\116\016\133\120\174\373\176\337}{chapter.1}% 4
\BOOKMARK [0][]{chapter.2}{\376\377\0002\000\040\125\106\176\323\147\204\116\016\124\014\147\204\133\232\164\006}{}% 5
\BOOKMARK [1][]{section.2.1}{\376\377\0002\000.\0001\000\040\124\014\117\131\121\163\174\373\116\016\125\106\176\323\147\204}{chapter.2}% 6
\BOOKMARK [1][]{section.2.2}{\376\377\0002\000.\0002\000\040\226\152\226\306\116\016\000\040\000L\000a\000g\000r\000a\000n\000g\000e\000\040\133\232\164\006}{chapter.2}% 7
\BOOKMARK [1][]{section.2.3}{\376\377\0002\000.\0003\000\040\153\143\211\304\133\120\177\244\116\016\125\106\177\244}{chapter.2}% 8
\BOOKMARK [1][]{section.2.4}{\376\377\0002\000.\0004\000\040\177\244\124\014\147\204\133\232\164\006}{chapter.2}% 9
\BOOKMARK [1][]{section.2.5}{\376\377\0002\000.\0005\000\040\164\006\140\363\116\016\125\106\163\257}{chapter.2}% 10
\BOOKMARK [1][]{section.2.6}{\376\377\0002\000.\0006\000\040\163\257\124\014\147\204\133\232\164\006}{chapter.2}% 11
\BOOKMARK [0][]{chapter.3}{\376\377\0003\000\040\165\037\142\020\176\323\147\204\116\016\163\257\213\272\122\035\153\145}{}% 12
\BOOKMARK [1][]{section.3.1}{\376\377\0003\000.\0001\000\040\165\037\142\020\133\120\177\244\116\016\165\037\142\020\164\006\140\363}{chapter.3}% 13
\BOOKMARK [1][]{section.3.2}{\376\377\0003\000.\0002\000\040\136\172\163\257\060\001\226\144\163\257\116\016\127\337}{chapter.3}% 14
\BOOKMARK [1][]{section.3.3}{\376\377\0003\000.\0003\000\040\137\252\163\257\177\244}{chapter.3}% 15
\BOOKMARK [1][]{section.3.4}{\376\377\0003\000.\0004\000\040\147\201\131\047\164\006\140\363\116\016\000\040\000Z\000o\000r\000n\000\040\137\025\164\006}{chapter.3}% 16
\BOOKMARK [0][]{chapter.4}{\376\377\0004\000\040\147\011\226\120\177\244\164\006\213\272}{}% 17
\BOOKMARK [1][]{section.4.1}{\376\377\0004\000.\0001\000\040\121\103\175\040\166\204\226\066}{chapter.4}% 18
\BOOKMARK [1][]{section.4.2}{\376\377\0004\000.\0002\000\040\177\244\117\134\165\050}{chapter.4}% 19
\BOOKMARK [1][]{section.4.3}{\376\377\0004\000.\0003\000\040\121\161\217\155\116\016\174\173\145\271\172\013}{chapter.4}% 20
\BOOKMARK [1][]{section.4.4}{\376\377\0004\000.\0004\000\040\000S\000y\000l\000o\000w\000\040\133\232\164\006}{chapter.4}% 21
\BOOKMARK [1][]{section.4.5}{\376\377\0004\000.\0005\000\040\000S\000y\000l\000o\000w\000\040\133\232\164\006\166\204\136\224\165\050}{chapter.4}% 22
\BOOKMARK [0][]{chapter.5}{\376\377\0005\000\040\116\244\143\142\163\257\116\016\131\032\230\171\137\017\163\257}{}% 23
\BOOKMARK [1][]{section.5.1}{\376\377\0005\000.\0001\000\040\164\006\140\363\166\204\217\320\173\227}{chapter.5}% 24
\BOOKMARK [1][]{section.5.2}{\376\377\0005\000.\0002\000\040\116\055\126\375\122\151\117\131\133\232\164\006}{chapter.5}% 25
\BOOKMARK [1][]{section.5.3}{\376\377\0005\000.\0003\000\040\127\372\145\160\122\035\153\145}{chapter.5}% 26
\BOOKMARK [1][]{section.5.4}{\376\377\0005\000.\0004\000\040\145\164\163\257\116\016\131\032\230\171\137\017\163\257}{chapter.5}% 27
\BOOKMARK [0][]{chapter.6}{\376\377\0006\000\040\127\337\142\151\137\040}{}% 28
\BOOKMARK [1][]{section.6.1}{\376\377\0006\000.\0001\000\040\127\337\142\151\137\040\116\016\116\343\145\160\121\103}{chapter.6}% 29
\BOOKMARK [1][]{section.6.2}{\376\377\0006\000.\0002\000\040\116\343\145\160\142\151\137\040\166\204\140\047\215\050}{chapter.6}% 30
\BOOKMARK [1][]{section.6.3}{\376\377\0006\000.\0003\000\040\116\343\145\160\225\355\127\337\116\016\116\343\145\160\225\355\123\005}{chapter.6}% 31
\BOOKMARK [1][]{section.6.4}{\376\377\0006\000.\0004\000\040\215\205\215\212\127\372\116\016\215\205\215\212\153\041\145\160}{chapter.6}% 32
\BOOKMARK [0][]{chapter.7}{\376\377\0007\000\040\000G\000a\000l\000o\000i\000s\000\040\164\006\213\272}{}% 33
\BOOKMARK [1][]{section.7.1}{\376\377\0007\000.\0001\000\040\153\143\211\304\142\151\137\040\116\016\122\006\210\302\127\337}{chapter.7}% 34
\BOOKMARK [1][]{section.7.2}{\376\377\0007\000.\0002\000\040\123\357\122\006\142\151\137\040}{chapter.7}% 35
\BOOKMARK [1][]{section.7.3}{\376\377\0007\000.\0003\000\040\000G\000a\000l\000o\000i\000s\000\040\133\371\136\224}{chapter.7}% 36
\BOOKMARK [1][]{section.7.4}{\376\377\0007\000.\0004\000\040\147\054\123\237\121\103\133\232\164\006\116\016\116\343\145\160\127\372\147\054\133\232\164\006}{chapter.7}% 37
