\BOOKMARK [0][]{chapter*.2}{\376\377\121\150\116\146\213\364\146\016}{}% 1
\BOOKMARK [0][]{chapter*.3}{\376\377\121\150\116\146\215\357\176\277\126\376\116\016\117\235\215\126\126\376}{}% 2
\BOOKMARK [-1][]{part.1}{\376\377\173\054\116\000\220\350\122\006\000\040\133\374\137\025\173\307}{}% 3
\BOOKMARK [0][]{chapter.1}{\376\377\0001\000\040\122\115\212\000\116\016\133\374\213\272}{part.1}% 4
\BOOKMARK [1][]{section.1.1}{\376\377\0001\000.\0001\000\040\137\123\123\330\221\317\116\015\121\215\146\057\124\021\221\317\377\032\116\316\000\040\000B\000o\000y\000d\000\040\122\060\121\375\145\160\172\172\225\364}{chapter.1}% 5
\BOOKMARK [1][]{section.1.2}{\376\377\0001\000.\0002\000\040\116\072\116\300\116\110\137\305\230\173\116\012\142\323\142\121\060\001\137\061\145\066\145\133\116\016\133\371\120\166}{chapter.1}% 6
\BOOKMARK [1][]{section.1.3}{\376\377\0001\000.\0003\000\040\217\331\147\054\116\146\213\345\140\016\116\110\213\373}{chapter.1}% 7
\BOOKMARK [-1][]{part.2}{\376\377\173\054\116\214\220\350\122\006\000\040\145\340\172\167\176\364\166\204\127\372\167\363}{}% 8
\BOOKMARK [0][]{chapter.2}{\376\377\0002\000\040\142\323\142\121\172\172\225\364\116\016\143\317\217\360\226\306\124\010\213\272\122\035\153\145}{part.2}% 9
\BOOKMARK [1][]{section.2.1}{\376\377\0002\000.\0001\000\040\142\323\142\121\127\372\170\100\116\016\177\121\166\204\145\066\145\133}{chapter.2}% 10
\BOOKMARK [2][]{subsection.2.1.1}{\376\377\0002\000.\0001\000.\0001\000\040\142\323\142\121\213\355\212\000\116\016\133\232\124\021\226\306}{section.2.1}% 11
\BOOKMARK [2][]{subsection.2.1.2}{\376\377\0002\000.\0001\000.\0002\000\040\225\355\123\005\116\016\217\336\176\355\140\047\166\204\177\121\122\073\165\073}{section.2.1}% 12
\BOOKMARK [1][]{section.2.2}{\376\377\0002\000.\0002\000\040\000B\000a\000i\000r\000e\000\040\176\262\133\232\164\006\123\312\121\166\143\250\213\272}{chapter.2}% 13
\BOOKMARK [2][]{subsection.2.2.1}{\376\377\0002\000.\0002\000.\0001\000\040\172\000\165\217\226\306\060\001\173\054\116\000\176\262\226\306\116\016\000\040\000B\000a\000i\000r\000e\000\040\172\172\225\364}{section.2.2}% 14
\BOOKMARK [2][]{subsection.2.2.2}{\376\377\0002\000.\0002\000.\0002\000\040\133\214\131\007\136\246\221\317\172\172\225\364\116\055\166\204\000\040\000B\000a\000i\000r\000e\000\040\176\262\133\232\164\006}{section.2.2}% 15
\BOOKMARK [2][]{subsection.2.2.3}{\376\377\0002\000.\0002\000.\0003\000\040\134\100\220\350\175\047\000\040\000H\000a\000u\000s\000d\000o\000r\000f\000f\000\040\172\172\225\364\166\204\162\110\147\054}{section.2.2}% 16
\BOOKMARK [2][]{subsection.2.2.4}{\376\377\0002\000.\0002\000.\0004\000\040\173\111\116\367\122\073\165\073\116\016\122\115\167\273\140\047\143\250\213\272}{section.2.2}% 17
\BOOKMARK [1][]{section.2.3}{\376\377\0002\000.\0003\000\040\133\214\131\007\140\047\116\016\000\040\000P\000o\000l\000i\000s\000h\000\040\172\172\225\364}{chapter.2}% 18
\BOOKMARK [2][]{subsection.2.3.1}{\376\377\0002\000.\0003\000.\0001\000\040\123\357\133\214\131\007\136\246\221\317\123\026\116\016\000\040\000P\000o\000l\000i\000s\000h\000\040\172\172\225\364}{section.2.3}% 19
\BOOKMARK [2][]{subsection.2.3.2}{\376\377\0002\000.\0003\000.\0002\000\040\137\000\133\120\172\172\225\364\116\016\000\040\000G\000\040\133\120\226\306}{section.2.3}% 20
\BOOKMARK [2][]{subsection.2.3.3}{\376\377\0002\000.\0003\000.\0003\000\040\121\170\127\213\152\041\127\213}{section.2.3}% 21
\BOOKMARK [1][]{section.2.4}{\376\377\0002\000.\0004\000\040\000B\000a\000i\000r\000e\000\040\172\172\225\364\116\016\000\040\000L\000u\000s\000i\000n\000\040\172\172\225\364}{chapter.2}% 22
\BOOKMARK [2][]{subsection.2.4.1}{\376\377\0002\000.\0004\000.\0001\000\040\150\007\121\306\000\040\000B\000a\000i\000r\000e\000\040\172\172\225\364\166\204\211\322\202\162}{section.2.4}% 23
\BOOKMARK [2][]{subsection.2.4.2}{\376\377\0002\000.\0004\000.\0002\000\040\000S\000u\000s\000l\000i\000n\000\040\172\172\225\364\117\134\116\072\217\307\156\041\134\102}{section.2.4}% 24
\BOOKMARK [0][]{chapter.3}{\376\377\0003\000\040\155\113\136\246\213\272\116\016\226\217\147\072\172\172\225\364\127\372\170\100}{part.2}% 25
\BOOKMARK [1][]{section.3.1}{\376\377\0003\000.\0001\000\040\003\303\000-\116\343\145\160\116\016\155\113\136\246\136\366\142\323}{chapter.3}% 26
\BOOKMARK [2][]{subsection.3.1.1}{\376\377\0003\000.\0001\000.\0001\000\040\123\357\155\113\176\323\147\204\116\016\165\037\142\020\166\204\000\040\000-\116\343\145\160}{section.3.1}% 27
\BOOKMARK [2][]{subsection.3.1.2}{\376\377\0003\000.\0001\000.\0002\000\040\131\026\155\113\136\246\116\016\000\040\000C\000a\000r\000a\000t\000h\000\351\000o\000d\000o\000r\000y\000\040\123\357\155\113\140\047}{section.3.1}% 28
\BOOKMARK [2][]{subsection.3.1.3}{\376\377\0003\000.\0001\000.\0003\000\040\230\204\131\007\155\113\136\246\166\204\136\366\142\323}{section.3.1}% 29
\BOOKMARK [1][]{section.3.2}{\376\377\0003\000.\0002\000\040\171\357\122\006\213\272\116\016\145\066\145\133\133\232\164\006}{chapter.3}% 30
\BOOKMARK [2][]{subsection.3.2.1}{\376\377\0003\000.\0002\000.\0001\000\040\000L\000e\000b\000e\000s\000g\000u\000e\000\040\171\357\122\006\166\204\147\204\220\040}{section.3.2}% 31
\BOOKMARK [2][]{subsection.3.2.2}{\376\377\0003\000.\0002\000.\0002\000\040\123\125\214\003\145\066\145\133\060\001\000F\000a\000t\000o\000u\000\040\137\025\164\006\116\016\143\247\122\066\145\066\145\133}{section.3.2}% 32
\BOOKMARK [1][]{section.3.3}{\376\377\0003\000.\0003\000\040\142\323\142\121\172\172\225\364\116\012\166\204\155\113\136\246}{chapter.3}% 33
\BOOKMARK [2][]{subsection.3.3.1}{\376\377\0003\000.\0003\000.\0001\000\040\000B\000o\000r\000e\000l\000\040\155\113\136\246\116\016\000\040\000R\000a\000d\000o\000n\000\040\155\113\136\246}{section.3.3}% 34
\BOOKMARK [2][]{subsection.3.3.2}{\376\377\0003\000.\0003\000.\0002\000\040\217\336\176\355\121\375\145\160\116\012\166\204\153\143\176\277\140\047\154\333\121\375}{section.3.3}% 35
\BOOKMARK [2][]{subsection.3.3.3}{\376\377\0003\000.\0003\000.\0003\000\040\000R\000i\000e\000s\000z\000\040\210\150\171\072\133\232\164\006}{section.3.3}% 36
\BOOKMARK [1][]{section.3.4}{\376\377\0003\000.\0004\000\040\151\202\163\207\172\172\225\364\116\016\226\217\147\072\217\307\172\013\137\256\171\357\122\006\122\035\153\145}{chapter.3}% 37
\BOOKMARK [2][]{subsection.3.4.1}{\376\377\0003\000.\0004\000.\0001\000\040\151\202\163\207\172\172\225\364\060\001\226\217\147\072\123\330\221\317\116\016\147\141\116\366\147\037\147\033}{section.3.4}% 38
\BOOKMARK [2][]{subsection.3.4.2}{\376\377\0003\000.\0004\000.\0002\000\040\162\354\172\313\140\047\060\001\156\344\217\307\060\001\220\002\136\224\217\307\172\013\116\016\227\205}{section.3.4}% 39
\BOOKMARK [2][]{subsection.3.4.3}{\376\377\0003\000.\0004\000.\0003\000\040\000B\000r\000o\000w\000n\000i\000a\000n\000\040\000m\000o\000t\000i\000o\000n\000\040\116\016\000\040\000I\000t\000\364\000\040\171\357\122\006}{section.3.4}% 40
\BOOKMARK [2][]{subsection.3.4.4}{\376\377\0003\000.\0004\000.\0004\000\040\000I\000t\000\364\000\040\121\154\137\017\116\016\147\000\134\017\221\317\176\247\166\204\226\217\147\072\137\256\122\006\145\271\172\013}{section.3.4}% 41
\BOOKMARK [0][]{chapter.4}{\376\377\0004\000\040\154\333\121\375\122\006\147\220\116\016\173\227\133\120\116\343\145\160}{part.2}% 42
\BOOKMARK [1][]{section.4.1}{\376\377\0004\000.\0001\000\040\000B\000a\000n\000a\000c\000h\000\040\172\172\225\364\116\016\000\040\000H\000i\000l\000b\000e\000r\000t\000\040\172\172\225\364}{chapter.4}% 43
\BOOKMARK [2][]{subsection.4.1.1}{\376\377\0004\000.\0001\000.\0001\000\040\215\113\203\003\172\172\225\364\116\016\133\214\131\007\140\047}{section.4.1}% 44
\BOOKMARK [2][]{subsection.4.1.2}{\376\377\0004\000.\0001\000.\0002\000\040\121\205\171\357\060\001\153\143\116\244\116\016\000\040\000H\000i\000l\000b\000e\000r\000t\000\040\172\172\225\364}{section.4.1}% 45
\BOOKMARK [2][]{subsection.4.1.3}{\376\377\0004\000.\0001\000.\0003\000\040\000H\000i\000l\000b\000e\000r\000t\000\040\172\172\225\364\166\204\000\040\000R\000i\000e\000s\000z\000\040\210\150\171\072\133\232\164\006}{section.4.1}% 46
\BOOKMARK [1][]{section.4.2}{\376\377\0004\000.\0002\000\040\137\061\142\323\142\121\116\016\137\061\146\037\142\323\142\121}{chapter.4}% 47
\BOOKMARK [2][]{subsection.4.2.1}{\376\377\0004\000.\0002\000.\0001\000\040\165\061\121\375\145\160\145\317\213\361\133\374\166\204\147\000\137\061\142\323\142\121}{section.4.2}% 48
\BOOKMARK [2][]{subsection.4.2.2}{\376\377\0004\000.\0002\000.\0002\000\040\121\170\203\003\135\114\121\145\116\016\201\352\123\315\140\047}{section.4.2}% 49
\BOOKMARK [2][]{subsection.4.2.3}{\376\377\0004\000.\0002\000.\0003\000\040\000B\000a\000n\000a\000c\000h\040\023\000A\000l\000a\000o\000g\000l\000u\000\040\133\232\164\006\116\016\137\061\175\047\140\047}{section.4.2}% 50
\BOOKMARK [1][]{section.4.3}{\376\377\0004\000.\0003\000\040\176\277\140\047\173\227\133\120\116\016\117\064\226\217\173\227\133\120}{chapter.4}% 51
\BOOKMARK [2][]{subsection.4.3.1}{\376\377\0004\000.\0003\000.\0001\000\040\147\011\165\114\176\277\140\047\173\227\133\120\116\016\173\227\133\120\172\172\225\364}{section.4.3}% 52
\BOOKMARK [2][]{subsection.4.3.2}{\376\377\0004\000.\0003\000.\0002\000\040\000B\000a\000n\000a\000c\000h\000\040\172\172\225\364\116\055\166\204\133\371\120\166\117\064\226\217}{section.4.3}% 53
\BOOKMARK [2][]{subsection.4.3.3}{\376\377\0004\000.\0003\000.\0003\000\040\000H\000i\000l\000b\000e\000r\000t\000\040\172\172\225\364\116\055\166\204\117\064\226\217}{section.4.3}% 54
\BOOKMARK [1][]{section.4.4}{\376\377\0004\000.\0004\000\040\173\227\133\120\116\343\145\160\122\035\153\145}{chapter.4}% 55
\BOOKMARK [2][]{subsection.4.4.1}{\376\377\0004\000.\0004\000.\0001\000\040\214\061\116\016\214\061\123\112\137\204}{section.4.4}% 56
\BOOKMARK [2][]{subsection.4.4.2}{\376\377\0004\000.\0004\000.\0002\000\040\175\047\173\227\133\120\060\001\201\352\117\064\173\227\133\120\116\016\153\143\173\227\133\120}{section.4.4}% 57
\BOOKMARK [2][]{subsection.4.4.3}{\376\377\0004\000.\0004\000.\0003\000\040\175\047\201\352\117\064\173\227\133\120\166\204\214\061\133\232\164\006}{section.4.4}% 58
\BOOKMARK [-1][]{part.3}{\376\377\173\054\116\011\220\350\122\006\000\040\121\370\140\047\060\001\122\006\171\273\116\016\137\256\122\006}{}% 59
\BOOKMARK [0][]{chapter.5}{\376\377\0005\000\040\121\370\226\306\116\016\215\205\136\163\227\142\122\006\171\273}{part.3}% 60
\BOOKMARK [1][]{section.5.1}{\376\377\0005\000.\0001\000\040\145\340\172\167\176\364\124\021\221\317\172\172\225\364\116\055\166\204\121\370\226\306}{chapter.5}% 61
\BOOKMARK [2][]{subsection.5.1.1}{\376\377\0005\000.\0001\000.\0001\000\040\127\372\147\054\133\371\214\141}{section.5.1}% 62
\BOOKMARK [1][]{section.5.2}{\376\377\0005\000.\0002\000\040\116\343\145\160\121\205\220\350\116\016\166\370\133\371\121\205\220\350}{chapter.5}% 63
\BOOKMARK [2][]{subsection.5.2.1}{\376\377\0005\000.\0002\000.\0001\000\040\116\044\171\315\121\205\220\350\151\202\137\365}{section.5.2}% 64
\BOOKMARK [2][]{subsection.5.2.2}{\376\377\0005\000.\0002\000.\0002\000\040\000c\000o\000r\000e\000\040\116\016\122\006\171\273\116\113\225\364\166\204\150\145\150\201}{section.5.2}% 65
\BOOKMARK [1][]{section.5.3}{\376\377\0005\000.\0003\000\040\000H\000a\000h\000n\000-\000B\000a\000n\000a\000c\000h\000\040\133\232\164\006}{chapter.5}% 66
\BOOKMARK [2][]{subsection.5.3.1}{\376\377\0005\000.\0003\000.\0001\000\040\153\041\176\277\140\047\154\333\121\375\116\016\116\000\176\364\136\366\142\323}{section.5.3}% 67
\BOOKMARK [2][]{subsection.5.3.2}{\376\377\0005\000.\0003\000.\0002\000\040\121\340\117\125\122\006\171\273}{section.5.3}% 68
\BOOKMARK [1][]{section.5.4}{\376\377\0005\000.\0004\000\040\147\201\160\271\116\016\000\040\000K\000r\000e\000i\000n\000-\000M\000i\000l\000m\000a\000n\000\040\133\232\164\006}{chapter.5}% 69
\BOOKMARK [2][]{subsection.5.4.1}{\376\377\0005\000.\0004\000.\0001\000\040\147\201\160\271\116\016\227\142}{section.5.4}% 70
\BOOKMARK [0][]{chapter.6}{\376\377\0006\000\040\121\370\154\333\121\375\116\016\145\340\172\167\176\364\137\256\171\357\122\006}{part.3}% 71
\BOOKMARK [1][]{section.6.1}{\376\377\0006\000.\0001\000\040\116\013\123\112\217\336\176\355\140\047\116\016\147\201\120\074\133\232\164\006}{chapter.6}% 72
\BOOKMARK [2][]{subsection.6.1.1}{\376\377\0006\000.\0001\000.\0001\000\040\000P\000r\000o\000p\000e\000r\000\040\121\370\154\333\121\375\116\016\116\013\123\112\217\336\176\355\140\047}{section.6.1}% 73
\BOOKMARK [2][]{subsection.6.1.2}{\376\377\0006\000.\0001\000.\0002\000\040\137\061\175\047\226\306\116\012\166\204\147\201\134\017\120\074\133\130\127\050}{section.6.1}% 74
\BOOKMARK [2][]{subsection.6.1.3}{\376\377\0006\000.\0001\000.\0003\000\040\201\352\123\315\172\172\225\364\116\055\166\204\166\364\143\245\154\325}{section.6.1}% 75
\BOOKMARK [2][]{subsection.6.1.4}{\376\377\0006\000.\0001\000.\0004\000\040\121\170\127\213\117\213\133\120}{section.6.1}% 76
\BOOKMARK [1][]{section.6.2}{\376\377\0006\000.\0002\000\040\145\271\124\021\133\374\145\160\377\032\000G\000\342\000t\000e\000a\000u\000x\000\040\137\256\122\006\116\016\000\040\000F\000r\000\351\000c\000h\000e\000t\000\040\137\256\122\006}{chapter.6}% 77
\BOOKMARK [2][]{subsection.6.2.1}{\376\377\0006\000.\0002\000.\0001\000\040\145\271\124\021\133\374\145\160\116\016\000\040\000G\000\342\000t\000e\000a\000u\000x\000\040\137\256\122\006}{section.6.2}% 78
\BOOKMARK [2][]{subsection.6.2.2}{\376\377\0006\000.\0002\000.\0002\000\040\000F\000r\000\351\000c\000h\000e\000t\000\040\137\256\122\006\116\016\000\040\000H\000i\000l\000b\000e\000r\000t\000\040\150\257\136\246}{section.6.2}% 79
\BOOKMARK [2][]{subsection.6.2.3}{\376\377\0006\000.\0002\000.\0003\000\040\121\370\123\357\137\256\154\333\121\375\166\204\116\000\226\066\117\341\140\157}{section.6.2}% 80
\BOOKMARK [2][]{subsection.6.2.4}{\376\377\0006\000.\0002\000.\0004\000\040\121\170\127\213\117\213\133\120}{section.6.2}% 81
\BOOKMARK [1][]{section.6.3}{\376\377\0006\000.\0003\000\040\133\371\120\166\172\172\225\364\116\055\166\204\153\041\137\256\122\006}{chapter.6}% 82
\BOOKMARK [2][]{subsection.6.3.1}{\376\377\0006\000.\0003\000.\0001\000\040\153\041\137\256\122\006\166\204\133\232\116\111}{section.6.3}% 83
\BOOKMARK [2][]{subsection.6.3.2}{\376\377\0006\000.\0003\000.\0002\000\040\153\041\137\256\122\006\166\204\227\136\172\172\140\047}{section.6.3}% 84
\BOOKMARK [2][]{subsection.6.3.3}{\376\377\0006\000.\0003\000.\0003\000\040\225\355\126\376\140\047\215\050}{section.6.3}% 85
\BOOKMARK [2][]{subsection.6.3.4}{\376\377\0006\000.\0003\000.\0004\000\040\121\170\127\213\117\213\133\120}{section.6.3}% 86
\BOOKMARK [1][]{section.6.4}{\376\377\0006\000.\0004\000\040\153\041\137\256\122\006\157\024\173\227}{chapter.6}% 87
\BOOKMARK [2][]{subsection.6.4.1}{\376\377\0006\000.\0004\000.\0001\000\040\124\214\211\304\122\031\116\016\154\325\225\045}{section.6.4}% 88
\BOOKMARK [2][]{subsection.6.4.2}{\376\377\0006\000.\0004\000.\0002\000\040\000M\000o\000r\000e\000a\000u\040\023\000R\000o\000c\000k\000a\000f\000e\000l\000l\000a\000r\000\040\124\214\121\154\137\017}{section.6.4}% 89
\BOOKMARK [2][]{subsection.6.4.3}{\376\377\0006\000.\0004\000.\0003\000\040\176\277\140\047\146\040\134\004\116\013\166\204\142\311\126\336}{section.6.4}% 90
\BOOKMARK [2][]{subsection.6.4.4}{\376\377\0006\000.\0004\000.\0004\000\040\121\170\127\213\117\213\133\120}{section.6.4}% 91
\BOOKMARK [0][]{chapter.7}{\376\377\0007\000\040\121\161\217\155\164\006\213\272\116\016\145\340\172\167\176\364\133\371\120\166}{part.3}% 92
\BOOKMARK [1][]{section.7.1}{\376\377\0007\000.\0001\000\040\000F\000e\000n\000c\000h\000e\000l\000\040\121\161\217\155\116\016\000\040\000F\000e\000n\000c\000h\000e\000l\000-\000Y\000o\000u\000n\000g\000\040\116\015\173\111\137\017}{chapter.7}% 93
\BOOKMARK [2][]{subsection.7.1.1}{\376\377\0007\000.\0001\000.\0001\000\040\000F\000e\000n\000c\000h\000e\000l\000\040\121\161\217\155\166\204\133\232\116\111}{section.7.1}% 94
\BOOKMARK [2][]{subsection.7.1.2}{\376\377\0007\000.\0001\000.\0002\000\040\000F\000e\000n\000c\000h\000e\000l\000-\000Y\000o\000u\000n\000g\000\040\116\015\173\111\137\017\116\016\123\326\173\111\147\141\116\366}{section.7.1}% 95
\BOOKMARK [2][]{subsection.7.1.3}{\376\377\0007\000.\0001\000.\0003\000\040\121\170\127\213\117\213\133\120}{section.7.1}% 96
\BOOKMARK [1][]{section.7.2}{\376\377\0007\000.\0002\000\040\123\314\121\161\217\155\116\016\225\355\121\370\123\005}{chapter.7}% 97
\BOOKMARK [2][]{subsection.7.2.1}{\376\377\0007\000.\0002\000.\0001\000\040\123\314\121\161\217\155\166\204\133\232\116\111\116\016\127\372\147\054\116\015\173\111\137\017}{section.7.2}% 98
\BOOKMARK [2][]{subsection.7.2.2}{\376\377\0007\000.\0002\000.\0002\000\040\000F\000e\000n\000c\000h\000e\000l\040\023\000M\000o\000r\000e\000a\000u\000\040\133\232\164\006}{section.7.2}% 99
\BOOKMARK [2][]{subsection.7.2.3}{\376\377\0007\000.\0002\000.\0003\000\040\116\012\126\376\120\317\225\355\121\370\123\005\116\016\225\355\121\370\153\143\122\031\123\026}{section.7.2}% 100
\BOOKMARK [2][]{subsection.7.2.4}{\376\377\0007\000.\0002\000.\0004\000\040\121\170\127\213\117\213\133\120}{section.7.2}% 101
\BOOKMARK [1][]{section.7.3}{\376\377\0007\000.\0003\000\040\116\013\170\156\165\114\123\167\171\357}{chapter.7}% 102
\BOOKMARK [2][]{subsection.7.3.1}{\376\377\0007\000.\0003\000.\0001\000\040\116\013\170\156\165\114\123\167\171\357\166\204\133\232\116\111}{section.7.3}% 103
\BOOKMARK [2][]{subsection.7.3.2}{\376\377\0007\000.\0003\000.\0002\000\040\121\161\217\155\116\016\116\013\170\156\165\114\123\167\171\357\116\244\143\142}{section.7.3}% 104
\BOOKMARK [2][]{subsection.7.3.3}{\376\377\0007\000.\0003\000.\0003\000\040\000M\000o\000r\000e\000a\000u\000\040\123\005\176\334}{section.7.3}% 105
\BOOKMARK [2][]{subsection.7.3.4}{\376\377\0007\000.\0003\000.\0004\000\040\121\170\127\213\117\213\133\120}{section.7.3}% 106
\BOOKMARK [1][]{section.7.4}{\376\377\0007\000.\0004\000\040\000F\000e\000n\000c\000h\000e\000l\000-\000R\000o\000c\000k\000a\000f\000e\000l\000l\000a\000r\000\040\133\371\120\166\150\106\147\266}{chapter.7}% 107
\BOOKMARK [2][]{subsection.7.4.1}{\376\377\0007\000.\0004\000.\0001\000\040\123\237\225\356\230\230\060\001\133\371\120\166\225\356\230\230\116\016\137\061\133\371\120\166}{section.7.4}% 108
\BOOKMARK [2][]{subsection.7.4.2}{\376\377\0007\000.\0004\000.\0002\000\040\215\104\150\074\147\141\116\366}{section.7.4}% 109
\BOOKMARK [2][]{subsection.7.4.3}{\376\377\0007\000.\0004\000.\0003\000\040\000F\000e\000n\000c\000h\000e\000l\040\023\000R\000o\000c\000k\000a\000f\000e\000l\000l\000a\000r\000\040\133\371\120\166\133\232\164\006}{section.7.4}% 110
\BOOKMARK [2][]{subsection.7.4.4}{\376\377\0007\000.\0004\000.\0004\000\040\147\000\117\030\140\047\147\141\116\366\116\016\000\040\000K\000K\000T\000\040\143\245\123\343}{section.7.4}% 111
\BOOKMARK [2][]{subsection.7.4.5}{\376\377\0007\000.\0004\000.\0005\000\040\121\170\127\213\117\213\133\120}{section.7.4}% 112
\BOOKMARK [-1][]{part.4}{\376\377\173\054\126\333\220\350\122\006\000\040\000B\000o\000y\000d\000\040\127\115\177\051}{}% 113
\BOOKMARK [0][]{chapter.8}{\376\377\0008\000\040\142\275\214\141\172\172\225\364\116\055\166\204\225\045\117\030\123\026\116\016\000\040\000K\000K\000T\000\040\164\006\213\272}{part.4}% 114
\BOOKMARK [1][]{section.8.1}{\376\377\0008\000.\0001\000\040\136\177\116\111\116\015\173\111\137\017\116\016\225\355\121\370\225\045}{chapter.8}% 115
\BOOKMARK [2][]{subsection.8.1.1}{\376\377\0008\000.\0001\000.\0001\000\040\225\045\213\361\133\374\166\204\120\117\136\217}{section.8.1}% 116
\BOOKMARK [2][]{subsection.8.1.2}{\376\377\0008\000.\0001\000.\0002\000\040\225\045\116\015\173\111\137\017\116\016\116\222\210\145\121\163\174\373}{section.8.1}% 117
\BOOKMARK [2][]{subsection.8.1.3}{\376\377\0008\000.\0001\000.\0003\000\040\121\170\127\213\117\213\133\120}{section.8.1}% 118
\BOOKMARK [1][]{section.8.2}{\376\377\0008\000.\0002\000\040\142\275\214\141\121\370\117\030\123\026\225\356\230\230\150\007\121\306\127\213}{chapter.8}% 119
\BOOKMARK [2][]{subsection.8.2.1}{\376\377\0008\000.\0002\000.\0001\000\040\142\275\214\141\225\045\211\304\122\022\150\007\121\306\127\213}{section.8.2}% 120
\BOOKMARK [2][]{subsection.8.2.2}{\376\377\0008\000.\0002\000.\0002\000\040\116\016\000\040\000F\000e\000n\000c\000h\000e\000l\000\040\152\041\147\177\166\204\133\371\136\224}{section.8.2}% 121
\BOOKMARK [2][]{subsection.8.2.3}{\376\377\0008\000.\0002\000.\0003\000\040\121\170\127\213\117\213\133\120}{section.8.2}% 122
\BOOKMARK [1][]{section.8.3}{\376\377\0008\000.\0003\000\040\136\177\116\111\000\040\000S\000l\000a\000t\000e\000r\000\040\147\141\116\366}{chapter.8}% 123
\BOOKMARK [2][]{subsection.8.3.1}{\376\377\0008\000.\0003\000.\0001\000\040\116\045\150\074\123\357\210\114\140\047}{section.8.3}% 124
\BOOKMARK [2][]{subsection.8.3.2}{\376\377\0008\000.\0003\000.\0002\000\040\166\370\133\371\121\205\220\350\116\016\000\040\000c\000o\000r\000e\000\040\166\204\146\377\116\343}{section.8.3}% 125
\BOOKMARK [2][]{subsection.8.3.3}{\376\377\0008\000.\0003\000.\0003\000\040\121\170\127\213\117\213\133\120}{section.8.3}% 126
\BOOKMARK [1][]{section.8.4}{\376\377\0008\000.\0004\000\040\136\177\116\111\000\040\000K\000K\000T\000\040\147\141\116\366}{chapter.8}% 127
\BOOKMARK [2][]{subsection.8.4.1}{\376\377\0008\000.\0004\000.\0001\000\040\000K\000K\000T\000\040\174\373\176\337\166\204\133\232\116\111}{section.8.4}% 128
\BOOKMARK [2][]{subsection.8.4.2}{\376\377\0008\000.\0004\000.\0002\000\040\136\177\116\111\000\040\000K\000K\000T\000\040\133\232\164\006}{section.8.4}% 129
\BOOKMARK [2][]{subsection.8.4.3}{\376\377\0008\000.\0004\000.\0003\000\040\121\170\127\213\117\213\133\120}{section.8.4}% 130
\BOOKMARK [0][]{chapter.9}{\376\377\0009\000\040\162\171\117\213\127\115\177\051\040\024\040\024\176\317\121\170\147\011\226\120\176\364\121\370\117\030\123\026}{part.4}% 131
\BOOKMARK [1][]{section.9.1}{\376\377\0009\000.\0001\000\040\153\047\154\017\172\172\225\364\166\204\220\000\123\026}{chapter.9}% 132
\BOOKMARK [2][]{subsection.9.1.1}{\376\377\0009\000.\0001\000.\0001\000\040\147\011\226\120\176\364\203\003\145\160\116\016\142\323\142\121\166\204\116\000\201\364\140\047}{section.9.1}% 133
\BOOKMARK [2][]{subsection.9.1.2}{\376\377\0009\000.\0001\000.\0002\000\040\133\130\127\050\140\047\116\016\121\205\220\350\151\202\137\365\166\204\147\011\226\120\176\364\173\200\123\026}{section.9.1}% 134
\BOOKMARK [2][]{subsection.9.1.3}{\376\377\0009\000.\0001\000.\0003\000\040\121\170\127\213\117\213\133\120}{section.9.1}% 135
\BOOKMARK [1][]{section.9.2}{\376\377\0009\000.\0002\000\040\176\277\140\047\211\304\122\022\116\016\116\214\153\041\211\304\122\022\166\204\131\015\166\330}{chapter.9}% 136
\BOOKMARK [2][]{subsection.9.2.1}{\376\377\0009\000.\0002\000.\0001\000\040\176\277\140\047\211\304\122\022\116\016\121\166\133\371\120\166}{section.9.2}% 137
\BOOKMARK [2][]{subsection.9.2.2}{\376\377\0009\000.\0002\000.\0002\000\040\116\214\153\041\211\304\122\022}{section.9.2}% 138
\BOOKMARK [2][]{subsection.9.2.3}{\376\377\0009\000.\0002\000.\0003\000\040\121\170\127\213\117\213\133\120}{section.9.2}% 139
\BOOKMARK [1][]{section.9.3}{\376\377\0009\000.\0003\000\040\000S\000O\000C\000P\000\040\116\016\000\040\000S\000D\000P}{chapter.9}% 140
\BOOKMARK [2][]{subsection.9.3.1}{\376\377\0009\000.\0003\000.\0001\000\040\116\214\226\066\225\045\116\016\123\112\153\143\133\232\225\045}{section.9.3}% 141
\BOOKMARK [2][]{subsection.9.3.2}{\376\377\0009\000.\0003\000.\0002\000\040\214\061\213\355\212\000\127\050\167\351\226\065\116\012\166\204\127\115\177\051}{section.9.3}% 142
\BOOKMARK [2][]{subsection.9.3.3}{\376\377\0009\000.\0003\000.\0003\000\040\121\170\127\213\117\213\133\120}{section.9.3}% 143
\BOOKMARK [1][]{section.9.4}{\376\377\0009\000.\0004\000\040\121\340\117\125\211\304\122\022\166\204\133\371\120\166\220\017\211\306}{chapter.9}% 144
\BOOKMARK [2][]{subsection.9.4.1}{\376\377\0009\000.\0004\000.\0001\000\040\121\340\117\125\211\304\122\022\166\204\127\372\147\054\137\142\137\017}{section.9.4}% 145
\BOOKMARK [2][]{subsection.9.4.2}{\376\377\0009\000.\0004\000.\0002\000\040\000G\000P\000\040\166\204\133\371\120\166\220\017\211\306}{section.9.4}% 146
\BOOKMARK [2][]{subsection.9.4.3}{\376\377\0009\000.\0004\000.\0003\000\040\121\170\127\213\117\213\133\120}{section.9.4}% 147
\BOOKMARK [-1][]{part.5}{\376\377\173\054\116\224\220\350\122\006\000\040\173\227\154\325}{}% 148
\BOOKMARK [0][]{chapter.10}{\376\377\0001\0000\000\040\123\125\214\003\173\227\133\120\116\016\230\204\211\343\137\017}{part.5}% 149
\BOOKMARK [1][]{section.10.1}{\376\377\0001\0000\000.\0001\000\040\147\201\131\047\123\125\214\003\173\227\133\120}{chapter.10}% 150
\BOOKMARK [2][]{subsection.10.1.1}{\376\377\0001\0000\000.\0001\000.\0001\000\040\000B\000a\000n\000a\000c\000h\000\040\172\172\225\364\116\055\166\204\123\125\214\003\116\016\147\201\131\047\123\125\214\003}{section.10.1}% 151
\BOOKMARK [2][]{subsection.10.1.2}{\376\377\0001\0000\000.\0001\000.\0002\000\040\000H\000i\000l\000b\000e\000r\000t\000\040\213\306\122\053\116\016\000\040\000r\000e\000s\000o\000l\000v\000e\000n\000t}{section.10.1}% 152
\BOOKMARK [2][]{subsection.10.1.3}{\376\377\0001\0000\000.\0001\000.\0003\000\040\153\041\137\256\122\006\117\134\116\072\147\201\131\047\123\125\214\003\173\227\133\120\166\204\123\237\127\213}{section.10.1}% 153
\BOOKMARK [2][]{subsection.10.1.4}{\376\377\0001\0000\000.\0001\000.\0004\000\040\121\170\127\213\117\213\133\120}{section.10.1}% 154
\BOOKMARK [1][]{section.10.2}{\376\377\0001\0000\000.\0002\000\040\220\273\217\321\173\227\133\120}{chapter.10}% 155
\BOOKMARK [2][]{subsection.10.2.1}{\376\377\0001\0000\000.\0002\000.\0001\000\040\000p\000r\000o\000x\000\040\166\204\133\232\116\111\116\016\000\040\000r\000e\000s\000o\000l\000v\000e\000n\000t\000\040\211\343\221\312}{section.10.2}% 156
\BOOKMARK [2][]{subsection.10.2.2}{\376\377\0001\0000\000.\0002\000.\0002\000\040\227\136\142\151\137\040\140\047\116\016\000\040\000M\000o\000r\000e\000a\000u\000\040\122\006\211\343}{section.10.2}% 157
\BOOKMARK [2][]{subsection.10.2.3}{\376\377\0001\0000\000.\0002\000.\0003\000\040\121\170\127\213\117\213\133\120}{section.10.2}% 158
\BOOKMARK [1][]{section.10.3}{\376\377\0001\0000\000.\0003\000\040\000M\000o\000r\000e\000a\000u\000\040\123\005\176\334}{chapter.10}% 159
\BOOKMARK [2][]{subsection.10.3.1}{\376\377\0001\0000\000.\0003\000.\0001\000\040\000Y\000o\000s\000i\000d\000a\000\040\217\321\117\074}{section.10.3}% 160
\BOOKMARK [2][]{subsection.10.3.2}{\376\377\0001\0000\000.\0003\000.\0002\000\040\000M\000o\000r\000e\000a\000u\040\023\000Y\000o\000s\000i\000d\000a\000\040\153\143\122\031\123\026}{section.10.3}% 161
\BOOKMARK [2][]{subsection.10.3.3}{\376\377\0001\0000\000.\0003\000.\0003\000\040\121\170\127\213\117\213\133\120}{section.10.3}% 162
\BOOKMARK [1][]{section.10.4}{\376\377\0001\0000\000.\0004\000\040\173\227\133\120\154\102\150\071\225\356\230\230}{chapter.10}% 163
\BOOKMARK [2][]{subsection.10.4.1}{\376\377\0001\0000\000.\0004\000.\0001\000\040\123\125\214\003\123\005\124\053\116\016\147\000\117\030\123\026}{section.10.4}% 164
\BOOKMARK [2][]{subsection.10.4.2}{\376\377\0001\0000\000.\0004\000.\0002\000\040\226\366\160\271\116\016\116\015\122\250\160\271}{section.10.4}% 165
\BOOKMARK [2][]{subsection.10.4.3}{\376\377\0001\0000\000.\0004\000.\0003\000\040\000p\000r\000o\000x\000i\000m\000a\000l\000\040\000p\000o\000i\000n\000t\000\040\117\134\116\072\176\337\116\000\152\041\147\177}{section.10.4}% 166
\BOOKMARK [2][]{subsection.10.4.4}{\376\377\0001\0000\000.\0004\000.\0004\000\040\121\170\127\213\117\213\133\120}{section.10.4}% 167
\BOOKMARK [0][]{chapter.11}{\376\377\0001\0001\000\040\131\047\211\304\152\041\173\227\133\120\122\006\210\302\173\227\154\325}{part.5}% 168
\BOOKMARK [1][]{section.11.1}{\376\377\0001\0001\000.\0001\000\040\122\115\124\021\040\023\124\016\124\021\122\006\210\302\173\227\154\325}{chapter.11}% 169
\BOOKMARK [2][]{subsection.11.1.1}{\376\377\0001\0001\000.\0001\000.\0001\000\040\225\356\230\230\152\041\147\177\116\016\127\372\147\054\133\232\116\111}{section.11.1}% 170
\BOOKMARK [2][]{subsection.11.1.2}{\376\377\0001\0001\000.\0001\000.\0002\000\040\126\372\133\232\160\271\116\016\226\366\160\271\166\204\133\371\136\224}{section.11.1}% 171
\BOOKMARK [2][]{subsection.11.1.3}{\376\377\0001\0001\000.\0001\000.\0003\000\040\136\163\127\107\146\040\134\004\176\323\147\204\116\016\145\066\145\133}{section.11.1}% 172
\BOOKMARK [2][]{subsection.11.1.4}{\376\377\0001\0001\000.\0001\000.\0004\000\040\121\170\127\213\117\213\133\120}{section.11.1}% 173
\BOOKMARK [1][]{section.11.2}{\376\377\0001\0001\000.\0002\000\040\000D\000o\000u\000g\000l\000a\000s\040\023\000R\000a\000c\000h\000f\000o\000r\000d\000\040\122\006\210\302}{chapter.11}% 174
\BOOKMARK [2][]{subsection.11.2.1}{\376\377\0001\0001\000.\0002\000.\0001\000\040\123\315\134\004\173\227\133\120\116\016\217\355\116\343\133\232\116\111}{section.11.2}% 175
\BOOKMARK [2][]{subsection.11.2.2}{\376\377\0001\0001\000.\0002\000.\0002\000\040\126\372\133\232\160\271\116\016\226\366\160\271\140\142\131\015}{section.11.2}% 176
\BOOKMARK [2][]{subsection.11.2.3}{\376\377\0001\0001\000.\0002\000.\0003\000\040\136\163\127\107\146\040\134\004\140\047\215\050}{section.11.2}% 177
\BOOKMARK [2][]{subsection.11.2.4}{\376\377\0001\0001\000.\0002\000.\0004\000\040\121\170\127\213\117\213\133\120}{section.11.2}% 178
\BOOKMARK [1][]{section.11.3}{\376\377\0001\0001\000.\0003\000\040\116\244\146\377\145\271\124\021\116\130\133\120\154\325\166\204\154\333\121\375\211\306\211\322}{chapter.11}% 179
\BOOKMARK [2][]{subsection.11.3.1}{\376\377\0001\0001\000.\0003\000.\0001\000\040\116\044\127\127\152\041\127\213\116\016\130\236\136\177\142\311\150\074\147\027\145\345}{section.11.3}% 180
\BOOKMARK [2][]{subsection.11.3.2}{\376\377\0001\0001\000.\0003\000.\0002\000\040\000A\000D\000M\000M\000\040\116\016\000\040\000D\000o\000u\000g\000l\000a\000s\040\023\000R\000a\000c\000h\000f\000o\000r\000d\000\040\166\204\143\245\123\343}{section.11.3}% 181
\BOOKMARK [2][]{subsection.11.3.3}{\376\377\0001\0001\000.\0003\000.\0003\000\040\145\066\145\133\116\016\000\040\000K\000K\000T\000\040\147\201\226\120}{section.11.3}% 182
\BOOKMARK [2][]{subsection.11.3.4}{\376\377\0001\0001\000.\0003\000.\0004\000\040\121\170\127\213\117\213\133\120}{section.11.3}% 183
\BOOKMARK [1][]{section.11.4}{\376\377\0001\0001\000.\0004\000\040\122\240\220\037\173\227\154\325\116\016\000\040\000H\000i\000l\000b\000e\000r\000t\000\040\172\172\225\364\142\323\134\125}{chapter.11}% 184
\BOOKMARK [2][]{subsection.11.4.1}{\376\377\0001\0001\000.\0004\000.\0001\000\040\140\360\140\047\000\040\000p\000r\000o\000x\000i\000m\000a\000l\000\040\152\041\147\177}{section.11.4}% 185
\BOOKMARK [2][]{subsection.11.4.2}{\376\377\0001\0001\000.\0004\000.\0002\000\040\200\375\221\317\116\013\226\115\116\016\152\041\147\177\140\047\176\323\213\272}{section.11.4}% 186
\BOOKMARK [2][]{subsection.11.4.3}{\376\377\0001\0001\000.\0004\000.\0003\000\040\121\170\127\213\117\213\133\120}{section.11.4}% 187
\BOOKMARK [-1][]{part.6}{\376\377\173\054\121\155\220\350\122\006\000\040\136\224\165\050}{}% 188
\BOOKMARK [0][]{chapter.12}{\376\377\0001\0002\000\040\147\000\117\030\143\247\122\066\116\016\221\317\123\026\116\244\146\023\166\204\154\333\121\375\136\372\152\041}{part.6}% 189
\BOOKMARK [1][]{section.12.1}{\376\377\0001\0002\000.\0001\000\040\217\336\176\355\145\366\225\364\147\000\117\030\143\247\122\066\213\272}{chapter.12}% 190
\BOOKMARK [2][]{subsection.12.1.1}{\376\377\0001\0002\000.\0001\000.\0001\000\040\143\247\122\066\172\172\225\364\060\001\162\266\140\001\145\271\172\013\116\016\150\007\121\306\127\213}{section.12.1}% 191
\BOOKMARK [2][]{subsection.12.1.2}{\376\377\0001\0002\000.\0001\000.\0002\000\040\166\364\143\245\154\325\133\130\127\050\140\047}{section.12.1}% 192
\BOOKMARK [2][]{subsection.12.1.3}{\376\377\0001\0002\000.\0001\000.\0003\000\040\117\064\226\217\162\266\140\001\116\016\116\000\226\066\137\305\211\201\147\141\116\366}{section.12.1}% 193
\BOOKMARK [2][]{subsection.12.1.4}{\376\377\0001\0002\000.\0001\000.\0004\000\040\121\170\127\213\117\213\133\120}{section.12.1}% 194
\BOOKMARK [1][]{section.12.2}{\376\377\0001\0002\000.\0002\000\040\221\317\123\026\221\321\207\215\116\055\166\204\226\217\147\072\117\030\123\026}{chapter.12}% 195
\BOOKMARK [2][]{subsection.12.2.1}{\376\377\0001\0002\000.\0002\000.\0001\000\040\173\126\165\145\060\001\215\042\133\314\217\307\172\013\116\016\230\316\226\151\154\333\121\375}{section.12.2}% 196
\BOOKMARK [2][]{subsection.12.2.2}{\376\377\0001\0002\000.\0002\000.\0002\000\040\000C\000V\000a\000R\000\040\166\204\133\371\120\166\210\150\217\276\116\016\230\316\226\151\176\246\147\137}{section.12.2}% 197
\BOOKMARK [2][]{subsection.12.2.3}{\376\377\0001\0002\000.\0002\000.\0003\000\040\116\244\146\023\142\147\210\114\116\016\230\316\226\151\133\371\120\166}{section.12.2}% 198
\BOOKMARK [2][]{subsection.12.2.4}{\376\377\0001\0002\000.\0002\000.\0004\000\040\121\170\127\213\117\213\133\120}{section.12.2}% 199
\BOOKMARK [1][]{section.12.3}{\376\377\0001\0002\000.\0003\000\040\226\217\147\072\143\247\122\066\116\016\000\040\000B\000e\000l\000l\000m\000a\000n\000\040\122\250\140\001\211\304\122\022}{chapter.12}% 200
\BOOKMARK [2][]{subsection.12.3.1}{\376\377\0001\0002\000.\0003\000.\0001\000\040\116\367\120\074\121\375\145\160\116\016\000\040\000B\000e\000l\000l\000m\000a\000n\000\040\173\227\133\120}{section.12.3}% 201
\BOOKMARK [2][]{subsection.12.3.2}{\376\377\0001\0002\000.\0003\000.\0002\000\040\122\250\140\001\211\304\122\022\123\237\164\006}{section.12.3}% 202
\BOOKMARK [2][]{subsection.12.3.3}{\376\377\0001\0002\000.\0003\000.\0003\000\040\000B\000e\000l\000l\000m\000a\000n\000\040\217\355\116\343\116\013\166\204\121\370\140\047\117\335\143\001}{section.12.3}% 203
\BOOKMARK [2][]{subsection.12.3.4}{\376\377\0001\0002\000.\0003\000.\0004\000\040\121\170\127\213\117\213\133\120}{section.12.3}% 204
\BOOKMARK [0][]{chapter.13}{\376\377\0001\0003\000\040\126\376\177\121\176\334\060\001\210\150\171\072\133\146\116\140\116\016\146\172\200\375\143\250\203\120\174\373\176\337}{part.6}% 205
\BOOKMARK [1][]{section.13.1}{\376\377\0001\0003\000.\0001\000\040\121\215\165\037\150\070\000\040\000H\000i\000l\000b\000e\000r\000t\000\040\172\172\225\364}{chapter.13}% 206
\BOOKMARK [2][]{subsection.13.1.1}{\376\377\0001\0003\000.\0001\000.\0001\000\040\153\143\133\232\150\070\116\016\000\040\000R\000K\000H\000S}{section.13.1}% 207
\BOOKMARK [2][]{subsection.13.1.2}{\376\377\0001\0003\000.\0001\000.\0002\000\040\000T\000i\000k\000h\000o\000n\000o\000v\000\040\153\143\122\031\123\026\116\016\210\150\171\072\133\232\164\006}{section.13.1}% 208
\BOOKMARK [2][]{subsection.13.1.3}{\376\377\0001\0003\000.\0001\000.\0003\000\040\121\170\127\213\117\213\133\120}{section.13.1}% 209
\BOOKMARK [1][]{section.13.2}{\376\377\0001\0003\000.\0002\000\040\126\376\171\136\176\317\177\121\176\334\166\204\154\333\121\375\173\227\133\120\211\343\221\312}{chapter.13}% 210
\BOOKMARK [2][]{subsection.13.2.1}{\376\377\0001\0003\000.\0002\000.\0001\000\040\126\376\117\341\123\367\060\001\142\311\146\156\142\311\145\257\116\016\200\375\221\317}{section.13.2}% 211
\BOOKMARK [2][]{subsection.13.2.2}{\376\377\0001\0003\000.\0002\000.\0002\000\040\155\210\140\157\117\040\220\022\116\016\126\376\156\344\154\342}{section.13.2}% 212
\BOOKMARK [2][]{subsection.13.2.3}{\376\377\0001\0003\000.\0002\000.\0003\000\040\121\170\127\213\117\213\133\120}{section.13.2}% 213
\BOOKMARK [1][]{section.13.3}{\376\377\0001\0003\000.\0003\000\040\131\032\130\124\152\041\127\213\116\016\145\340\226\120\176\364\162\171\137\201\123\071\221\115}{chapter.13}% 214
\BOOKMARK [2][]{subsection.13.3.1}{\376\377\0001\0003\000.\0003\000.\0001\000\040\123\314\130\124\210\150\171\072\116\016\221\115\133\371\230\316\226\151}{section.13.3}% 215
\BOOKMARK [2][]{subsection.13.3.2}{\376\377\0001\0003\000.\0003\000.\0002\000\040\210\150\171\072\133\232\164\006\116\016\133\371\120\166\211\343\221\312}{section.13.3}% 216
\BOOKMARK [2][]{subsection.13.3.3}{\376\377\0001\0003\000.\0003\000.\0003\000\040\121\170\127\213\117\213\133\120}{section.13.3}% 217
\BOOKMARK [1][]{section.13.4}{\376\377\0001\0003\000.\0004\000\040\131\047\127\213\174\373\176\337\166\204\122\006\136\003\137\017\154\102\211\343}{chapter.13}% 218
\BOOKMARK [2][]{subsection.13.4.1}{\376\377\0001\0003\000.\0004\000.\0001\000\040\121\161\213\306\152\041\127\213\116\016\122\006\162\107\135\114\121\145}{section.13.4}% 219
\BOOKMARK [2][]{subsection.13.4.2}{\376\377\0001\0003\000.\0004\000.\0002\000\040\000A\000D\000M\000M\000\040\137\142\137\017\116\016\134\100\220\350\146\364\145\260}{section.13.4}% 220
\BOOKMARK [2][]{subsection.13.4.3}{\376\377\0001\0003\000.\0004\000.\0003\000\040\121\170\127\213\117\213\133\120}{section.13.4}% 221
\BOOKMARK [-1][]{part.7}{\376\377\173\054\116\003\220\350\122\006\000\040\226\104\137\125}{}% 222
\BOOKMARK [0][]{appendix.A}{\376\377\000A\000\040\226\104\137\125\000\040\000A\377\032\133\236\122\006\147\220\220\037\147\345\142\113\121\214}{part.7}% 223
\BOOKMARK [0][]{appendix.B}{\376\377\000B\000\040\226\104\137\125\000\040\000B\377\032\167\351\226\065\122\006\147\220\127\372\170\100}{part.7}% 224
\BOOKMARK [0][]{appendix.C}{\376\377\000C\000\040\226\104\137\125\000\040\000C\377\032\136\070\165\050\121\375\145\160\166\204\121\161\217\155\210\150\116\016\153\041\137\256\122\006\210\150}{part.7}% 225
