\BOOKMARK [0][]{chapter.1}{\376\377\0001\000\040\136\246\221\317\172\172\225\364}{}% 1
\BOOKMARK [1][]{section.1.1}{\376\377\0001\000.\0001\000\040\136\246\221\317\172\172\225\364\166\204\127\372\147\054\151\202\137\365}{chapter.1}% 2
\BOOKMARK [1][]{section.1.2}{\376\377\0001\000.\0002\000\040\217\336\176\355\146\040\134\004}{chapter.1}% 3
\BOOKMARK [1][]{section.1.3}{\376\377\0001\000.\0003\000\040\136\217\122\027\116\016\145\066\145\133}{chapter.1}% 4
\BOOKMARK [1][]{section.1.4}{\376\377\0001\000.\0004\000\040\133\214\131\007\140\047}{chapter.1}% 5
\BOOKMARK [1][]{section.1.5}{\376\377\0001\000.\0005\000\040\000B\000a\000i\000r\000e\000\040\176\262\133\232\164\006}{chapter.1}% 6
\BOOKMARK [1][]{section.1.6}{\376\377\0001\000.\0006\000\040\175\047\140\047\116\016\136\217\122\027\175\047\140\047}{chapter.1}% 7
\BOOKMARK [1][]{section.1.7}{\376\377\0001\000.\0007\000\040\171\357\172\172\225\364\116\016\133\214\131\007\123\026}{chapter.1}% 8
\BOOKMARK [1][]{section.1.8}{\376\377\0001\000.\0008\000\040\215\113\203\003\176\277\140\047\172\172\225\364}{chapter.1}% 9
\BOOKMARK [1][]{section.1.9}{\376\377\0001\000.\0009\000\040\147\011\165\114\176\277\140\047\173\227\133\120}{chapter.1}% 10
\BOOKMARK [0][]{chapter.2}{\376\377\0002\000\040\133\371\120\166\164\006\213\272}{}% 11
\BOOKMARK [1][]{section.2.1}{\376\377\0002\000.\0001\000\040\000H\000a\000h\000n\040\023\000B\000a\000n\000a\000c\000h\000\040\136\366\142\323\133\232\164\006}{chapter.2}% 12
\BOOKMARK [1][]{section.2.2}{\376\377\0002\000.\0002\000\040\173\111\116\367\203\003\145\160\116\016\142\323\142\121}{chapter.2}% 13
\BOOKMARK [1][]{section.2.3}{\376\377\0002\000.\0003\000\040\121\161\217\155\173\227\133\120}{chapter.2}% 14
\BOOKMARK [1][]{section.2.4}{\376\377\0002\000.\0004\000\040\121\170\203\003\146\040\134\004\116\016\201\352\123\315\172\172\225\364}{chapter.2}% 15
\BOOKMARK [1][]{section.2.5}{\376\377\0002\000.\0005\000\040\000p\000\040\172\172\225\364\116\016\201\352\123\315\140\047}{chapter.2}% 16
\BOOKMARK [1][]{section.2.6}{\376\377\0002\000.\0006\000\040\201\352\123\315\172\172\225\364\166\204\122\044\122\053\140\047\215\050}{chapter.2}% 17
\BOOKMARK [1][]{section.2.7}{\376\377\0002\000.\0007\000\040\153\143\124\010\122\027}{chapter.2}% 18
\BOOKMARK [0][]{chapter.3}{\376\377\0003\000\040\137\061\142\323\142\121\116\016\137\061\145\066\145\133}{}% 19
\BOOKMARK [1][]{section.3.1}{\376\377\0003\000.\0001\000\040\137\061\147\011\165\114\116\016\137\061\145\066\145\133}{chapter.3}% 20
\BOOKMARK [1][]{section.3.2}{\376\377\0003\000.\0002\000\040\137\061\142\323\142\121\166\204\147\204\220\040}{chapter.3}% 21
\BOOKMARK [1][]{section.3.3}{\376\377\0003\000.\0003\000\040\000B\000a\000n\000a\000c\000h\040\023\000A\000l\000a\000o\000g\000l\000u\000\040\133\232\164\006}{chapter.3}% 22
\BOOKMARK [0][]{chapter.4}{\376\377\0004\000\040\175\047\173\227\133\120}{}% 23
\BOOKMARK [1][]{section.4.1}{\376\377\0004\000.\0001\000\040\175\047\173\227\133\120\166\204\133\232\116\111\116\016\140\047\215\050}{chapter.4}% 24
\BOOKMARK [0][]{chapter.5}{\376\377\0005\000\040\000H\000i\000l\000b\000e\000r\000t\000\040\172\172\225\364}{}% 25
\BOOKMARK [1][]{section.5.1}{\376\377\0005\000.\0001\000\040\121\205\171\357\172\172\225\364}{chapter.5}% 26
\BOOKMARK [1][]{section.5.2}{\376\377\0005\000.\0002\000\040\000C\000a\000u\000c\000h\000y\040\023\000S\000c\000h\000w\000a\000r\000z\000\040\116\015\173\111\137\017\116\016\203\003\145\160}{chapter.5}% 27
\BOOKMARK [1][]{section.5.3}{\376\377\0005\000.\0003\000\040\000R\000i\000e\000s\000z\000\040\210\150\171\072\133\232\164\006}{chapter.5}% 28
\BOOKMARK [1][]{section.5.4}{\376\377\0005\000.\0004\000\040\123\112\123\314\176\277\140\047\127\213\116\016\117\064\226\217\173\227\133\120}{chapter.5}% 29
\BOOKMARK [1][]{section.5.5}{\376\377\0005\000.\0005\000\040\142\225\137\161\173\227\133\120}{chapter.5}% 30
\BOOKMARK [0][]{chapter.6}{\376\377\0006\000\040\000l\000p\000\040\172\172\225\364}{}% 31
\BOOKMARK [1][]{section.6.1}{\376\377\0006\000.\0001\000\040\000l\000p\000\040\172\172\225\364\166\204\133\232\116\111}{chapter.6}% 32
\BOOKMARK [1][]{section.6.2}{\376\377\0006\000.\0002\000\040\000l\000p\000\040\172\172\225\364\166\204\133\371\120\166\172\172\225\364}{chapter.6}% 33
\BOOKMARK [1][]{section.6.3}{\376\377\0006\000.\0003\000\040\121\161\236\043\133\232\164\006\166\204\136\224\165\050}{chapter.6}% 34
