\BOOKMARK [0][]{chapter.1}{\376\377\0001\000\040\167\013\122\115\230\173\167\345}{}% 1
\BOOKMARK [0][]{chapter.2}{\376\377\0002\000\040\230\204\131\007\167\345\213\306}{}% 2
\BOOKMARK [1][]{section.2.1}{\376\377\0002\000.\0001\000\040\116\343\145\160}{chapter.2}% 3
\BOOKMARK [1][]{section.2.2}{\376\377\0002\000.\0002\000\040\171\357\122\006}{chapter.2}% 4
\BOOKMARK [1][]{section.2.3}{\376\377\0002\000.\0003\000\040\226\217\147\072\123\330\221\317\166\204\145\066\145\133\140\047}{chapter.2}% 5
\BOOKMARK [1][]{section.2.4}{\376\377\0002\000.\0004\000\040\226\217\147\072\123\330\221\317\124\214\122\006\136\003\121\375\145\160}{chapter.2}% 6
\BOOKMARK [1][]{section.2.5}{\376\377\0002\000.\0005\000\040\122\006\136\003\121\375\145\160\123\312\121\166\165\037\142\020\166\204\155\113\136\246}{chapter.2}% 7
\BOOKMARK [1][]{section.2.6}{\376\377\0002\000.\0006\000\040\145\160\133\127\162\171\137\201\060\001\167\351\153\315\121\375\145\160\116\016\162\171\137\201\121\375\145\160}{chapter.2}% 8
\BOOKMARK [2][]{subsection.2.6.1}{\376\377\0002\000.\0006\000.\0001\000\040\145\160\133\127\162\171\137\201}{section.2.6}% 9
\BOOKMARK [2][]{subsection.2.6.2}{\376\377\0002\000.\0006\000.\0002\000\040\167\351\153\315\121\375\145\160}{section.2.6}% 10
\BOOKMARK [2][]{subsection.2.6.3}{\376\377\0002\000.\0006\000.\0003\000\040\162\171\137\201\121\375\145\160}{section.2.6}% 11
\BOOKMARK [1][]{section.2.7}{\376\377\0002\000.\0007\000\040\162\354\172\313\140\047\116\016\147\141\116\366\147\037\147\033}{chapter.2}% 12
\BOOKMARK [2][]{subsection.2.7.1}{\376\377\0002\000.\0007\000.\0001\000\040\162\354\172\313\140\047}{section.2.7}% 13
\BOOKMARK [2][]{subsection.2.7.2}{\376\377\0002\000.\0007\000.\0002\000\040\147\141\116\366\147\037\147\033}{section.2.7}% 14
\BOOKMARK [1][]{section.2.8}{\376\377\0002\000.\0008\000\040\226\217\147\072\217\307\172\013\166\204\127\372\147\054\151\202\137\365}{chapter.2}% 15
\BOOKMARK [1][]{section.2.9}{\376\377\0002\000.\0009\000\040\147\011\226\120\176\364\122\006\136\003\116\016\000\040\000K\000o\000l\000m\000o\000g\000o\000r\000o\000v\000\040\133\232\164\006}{chapter.2}% 16
\BOOKMARK [1][]{section.2.10}{\376\377\0002\000.\0001\0000\000\040\226\217\147\072\217\307\172\013\166\204\127\372\147\054\174\173\127\213}{chapter.2}% 17
\BOOKMARK [2][]{subsection.2.10.1}{\376\377\0002\000.\0001\0000\000.\0001\000\040\136\163\172\063\217\307\172\013}{section.2.10}% 18
\BOOKMARK [2][]{subsection.2.10.2}{\376\377\0002\000.\0001\0000\000.\0002\000\040\162\354\172\313\130\236\221\317\217\307\172\013}{section.2.10}% 19
\BOOKMARK [0][]{chapter.3}{\376\377\0003\000\040\000P\000o\000i\000s\000s\000o\000n\217\307\172\013}{}% 20
\BOOKMARK [1][]{section.3.1}{\376\377\0003\000.\0001\000\040\000P\000o\000i\000s\000s\000o\000n\217\307\172\013\166\204\133\232\116\111}{chapter.3}% 21
\BOOKMARK [1][]{section.3.2}{\376\377\0003\000.\0002\000\040\166\370\220\273\116\213\116\366\166\204\145\366\225\364\225\364\226\224\377\014\154\312\147\176\217\307\172\013\116\016\143\007\145\160\122\006\136\003\166\204\121\163\174\373}{chapter.3}% 22
\BOOKMARK [1][]{section.3.3}{\376\377\0003\000.\0003\000\040\000P\000o\000i\000s\000s\000o\000n\217\307\172\013\166\204\143\250\136\177}{chapter.3}% 23
\BOOKMARK [2][]{subsection.3.3.1}{\376\377\0003\000.\0003\000.\0001\000\040\227\136\237\120\153\041\000P\000o\000i\000s\000s\000o\000n\217\307\172\013}{section.3.3}% 24
\BOOKMARK [2][]{subsection.3.3.2}{\376\377\0003\000.\0003\000.\0002\000\040\131\015\124\010\000P\000o\000i\000s\000s\000o\000n\217\307\172\013}{section.3.3}% 25
\BOOKMARK [1][]{section.3.4}{\376\377\0003\000.\0004\000\040\117\134\116\032}{chapter.3}% 26
\BOOKMARK [0][]{chapter.4}{\376\377\0004\000\040\171\273\145\143\145\366\225\364\232\154\134\024\123\357\131\053\224\376}{}% 27
\BOOKMARK [1][]{section.4.1}{\376\377\0004\000.\0001\000\040\232\154\154\017\224\376\123\312\121\166\217\154\171\373\151\202\163\207}{chapter.4}% 28
\BOOKMARK [1][]{section.4.2}{\376\377\0004\000.\0002\000\040\217\154\171\373\151\202\163\207\167\351\226\065}{chapter.4}% 29
\BOOKMARK [1][]{section.4.3}{\376\377\0004\000.\0003\000\040\162\266\140\001\166\204\122\006\174\173\123\312\140\047\215\050}{chapter.4}% 30
\BOOKMARK [1][]{section.4.4}{\376\377\0004\000.\0004\000\040\136\070\217\324\140\047}{chapter.4}% 31
\BOOKMARK [1][]{section.4.5}{\376\377\0004\000.\0005\000\040\116\015\123\330\122\006\136\003}{chapter.4}% 32
\BOOKMARK [1][]{section.4.6}{\376\377\0004\000.\0006\000\040\162\266\140\001\172\172\225\364\166\204\122\006\211\343}{chapter.4}% 33
\BOOKMARK [2][]{subsection.4.6.1}{\376\377\0004\000.\0006\000.\0001\000\040\215\050\160\271\127\050\136\070\217\324\173\111\116\367\174\173\116\055\166\204\217\154\171\373}{section.4.6}% 34
\BOOKMARK [2][]{subsection.4.6.2}{\376\377\0004\000.\0006\000.\0002\000\040\116\015\123\357\176\246\232\154\154\017\224\376\166\204\147\201\226\120\133\232\164\006}{section.4.6}% 35
\BOOKMARK [2][]{subsection.4.6.3}{\376\377\0004\000.\0006\000.\0003\000\040\116\000\202\054\140\305\121\265\116\013\232\154\154\017\224\376\166\204\147\201\226\120\133\232\164\006}{section.4.6}% 36
\BOOKMARK [1][]{section.4.7}{\376\377\0004\000.\0007\000\040\117\134\116\032}{chapter.4}% 37
\BOOKMARK [0][]{chapter.5}{\376\377\0005\000\040\227\205\213\272}{}% 38
\BOOKMARK [1][]{section.5.1}{\376\377\0005\000.\0001\000\040\171\273\145\143\145\366\225\364\227\205}{chapter.5}% 39
\BOOKMARK [2][]{subsection.5.1.1}{\376\377\0005\000.\0001\000.\0001\000\040\147\141\116\366\147\037\147\033\166\204\140\047\215\050}{section.5.1}% 40
\BOOKMARK [2][]{subsection.5.1.2}{\376\377\0005\000.\0001\000.\0002\000\040\227\205\166\204\140\047\215\050}{section.5.1}% 41
\BOOKMARK [1][]{section.5.2}{\376\377\0005\000.\0002\000\040\120\134\145\366\124\214\227\205\166\204\120\134\145\366\133\232\164\006}{chapter.5}% 42
\BOOKMARK [1][]{section.5.3}{\376\377\0005\000.\0003\000\040\227\205\145\066\145\133\133\232\164\006}{chapter.5}% 43
\BOOKMARK [1][]{section.5.4}{\376\377\0005\000.\0004\000\040\117\134\116\032}{chapter.5}% 44
\BOOKMARK [0][]{chapter.6}{\376\377\0006\000\040\136\003\147\027\217\320\122\250}{}% 45
\BOOKMARK [1][]{section.6.1}{\376\377\0006\000.\0001\000\040\136\003\147\027\217\320\122\250\133\232\116\111}{chapter.6}% 46
\BOOKMARK [1][]{section.6.2}{\376\377\0006\000.\0002\000\040\231\226\116\055\145\366\124\214\147\000\131\047\145\366}{chapter.6}% 47
\BOOKMARK [2][]{subsection.6.2.1}{\376\377\0006\000.\0002\000.\0001\000\040\136\003\147\027\217\320\122\250\166\204\217\150\220\123\140\047\215\050}{section.6.2}% 48
\BOOKMARK [1][]{section.6.3}{\376\377\0006\000.\0003\000\040\000l\000t\000o\171\357\122\006}{chapter.6}% 49
\BOOKMARK [2][]{subsection.6.3.1}{\376\377\0006\000.\0003\000.\0001\000\040\000l\000t\000o\171\357\122\006\140\047\215\050}{section.6.3}% 50
\BOOKMARK [1][]{section.6.4}{\376\377\0006\000.\0004\000\040\117\134\116\032}{chapter.6}% 51
