\BOOKMARK [0][]{chapter.1}{\376\377\0001\000\040\127\372\147\054\151\202\137\365}{}% 1
\BOOKMARK [1][]{section.1.1}{\376\377\0001\000.\0001\000\040\117\125\116\072\221\317\133\120}{chapter.1}% 2
\BOOKMARK [1][]{section.1.2}{\376\377\0001\000.\0002\000\040\173\200\123\125\123\206\123\362}{chapter.1}% 3
\BOOKMARK [2][]{subsection.1.2.1}{\376\377\0001\000.\0002\000.\0001\000\040\176\317\121\170\164\006\213\272\220\107\122\060\166\204\225\356\230\230\040\024\040\024\236\321\117\123\217\220\134\004}{section.1.2}% 4
\BOOKMARK [2][]{subsection.1.2.2}{\376\377\0001\000.\0002\000.\0002\000\040\000E\000i\000n\000s\000t\000e\000i\000n\124\214\121\111\165\065\145\110\136\224}{section.1.2}% 5
\BOOKMARK [2][]{subsection.1.2.3}{\376\377\0001\000.\0002\000.\0003\000\040\154\342\174\222\116\214\214\141\140\047}{section.1.2}% 6
\BOOKMARK [3][]{subsubsection.1.2.3.1}{\376\377\0001\000.\0002\000.\0003\000.\0001\000\040\000C\000o\000m\000p\000t\000o\000n\145\110\136\224}{subsection.1.2.3}% 7
\BOOKMARK [3][]{subsubsection.1.2.3.2}{\376\377\0001\000.\0002\000.\0003\000.\0002\000\040\133\236\162\151\174\222\133\120\166\204\154\342\174\222\116\214\214\141\140\047\040\024\040\024\000d\000e\000\040\000B\000r\000o\000g\000l\000i\000e\154\342}{subsection.1.2.3}% 8
\BOOKMARK [2][]{subsection.1.2.4}{\376\377\0001\000.\0002\000.\0004\000\040\000S\000c\000h\000r\000\366\000d\000i\000n\000g\000e\000r\145\271\172\013}{section.1.2}% 9
\BOOKMARK [2][]{subsection.1.2.5}{\376\377\0001\000.\0002\000.\0005\000\040\154\342\121\375\145\160\166\204\141\017\116\111}{section.1.2}% 10
\BOOKMARK [2][]{subsection.1.2.6}{\376\377\0001\000.\0002\000.\0006\000\040\140\001\123\340\122\240\123\237\164\006\124\214\221\317\133\120\140\001\166\204\127\115\177\051}{section.1.2}% 11
\BOOKMARK [3][]{subsubsection.1.2.6.1}{\376\377\0001\000.\0002\000.\0006\000.\0001\000\040\165\065\133\120\147\252\137\017\123\314\177\035}{subsection.1.2.6}% 12
\BOOKMARK [3][]{subsubsection.1.2.6.2}{\376\377\0001\000.\0002\000.\0006\000.\0002\000\040\154\064\154\342\123\314\177\035}{subsection.1.2.6}% 13
\BOOKMARK [3][]{subsubsection.1.2.6.3}{\376\377\0001\000.\0002\000.\0006\000.\0003\000\040\165\065\133\120\123\314\177\035\136\162\155\211}{subsection.1.2.6}% 14
\BOOKMARK [3][]{subsubsection.1.2.6.4}{\376\377\0001\000.\0002\000.\0006\000.\0004\000\040\136\366\217\337\220\011\142\351}{subsection.1.2.6}% 15
\BOOKMARK [3][]{subsubsection.1.2.6.5}{\376\377\0001\000.\0002\000.\0006\000.\0005\000\040\151\202\163\207\143\057\136\105\211\343\221\312}{subsection.1.2.6}% 16
\BOOKMARK [2][]{subsection.1.2.7}{\376\377\0001\000.\0002\000.\0007\000\040\000B\000o\000h\000r\166\204\154\042\123\237\133\120\152\041\127\213}{section.1.2}% 17
\BOOKMARK [3][]{subsubsection.1.2.7.1}{\376\377\0001\000.\0002\000.\0007\000.\0001\000\040\000B\000o\000h\000r\116\113\122\115\166\204\123\237\133\120\152\041\127\213}{subsection.1.2.7}% 18
\BOOKMARK [3][]{subsubsection.1.2.7.2}{\376\377\0001\000.\0002\000.\0007\000.\0002\000\040\154\042\123\237\133\120\121\111\214\061\124\214\000B\000o\000h\000r\123\237\133\120\152\041\127\213}{subsection.1.2.7}% 19
\BOOKMARK [2][]{subsection.1.2.8}{\376\377\0001\000.\0002\000.\0008\000\040\167\351\226\065\122\233\133\146}{section.1.2}% 20
\BOOKMARK [1][]{section.1.3}{\376\377\0001\000.\0003\000\040\176\277\140\047\116\343\145\160\126\336\230\176}{chapter.1}% 21
\BOOKMARK [2][]{subsection.1.3.1}{\376\377\0001\000.\0003\000.\0001\000\040\176\277\140\047\167\342\221\317\172\172\225\364}{section.1.3}% 22
\BOOKMARK [2][]{subsection.1.3.2}{\376\377\0001\000.\0003\000.\0002\000\040\121\205\171\357\172\172\225\364}{section.1.3}% 23
\BOOKMARK [3][]{subsubsection.1.3.2.1}{\376\377\0001\000.\0003\000.\0002\000.\0001\000\040\000D\000i\000r\000a\000c\173\046\123\367}{subsection.1.3.2}% 24
\BOOKMARK [2][]{subsection.1.3.3}{\376\377\0001\000.\0003\000.\0003\000\040\153\143\116\244\137\122\116\000\127\372}{section.1.3}% 25
\BOOKMARK [3][]{subsubsection.1.3.3.1}{\376\377\0001\000.\0003\000.\0003\000.\0001\000\040\167\342\221\317\127\050\116\000\176\304\153\143\116\244\137\122\116\000\127\372\116\013\166\204\134\125\137\000}{subsection.1.3.3}% 26
\BOOKMARK [3][]{subsubsection.1.3.3.2}{\376\377\0001\000.\0003\000.\0003\000.\0002\000\040\000S\000c\000h\000m\000i\000d\000t\153\143\116\244\123\026}{subsection.1.3.3}% 27
\BOOKMARK [2][]{subsection.1.3.4}{\376\377\0001\000.\0003\000.\0004\000\040\176\277\140\047\173\227\173\046}{section.1.3}% 28
\BOOKMARK [3][]{subsubsection.1.3.4.1}{\376\377\0001\000.\0003\000.\0004\000.\0001\000\040\123\204\174\163\173\227\173\046\124\214\123\315\123\204\174\163\173\227\173\046}{subsection.1.3.4}% 29
\BOOKMARK [3][]{subsubsection.1.3.4.2}{\376\377\0001\000.\0003\000.\0004\000.\0002\000\040\136\172\153\143\173\227\173\046}{subsection.1.3.4}% 30
\BOOKMARK [2][]{subsection.1.3.5}{\376\377\0001\000.\0003\000.\0005\000\040\147\054\137\201\120\074\124\214\147\054\137\201\167\342\221\317}{section.1.3}% 31
\BOOKMARK [3][]{subsubsection.1.3.5.1}{\376\377\0001\000.\0003\000.\0005\000.\0001\000\040\123\204\174\163\173\227\173\046\166\204\133\371\211\322\123\026}{subsection.1.3.5}% 32
\BOOKMARK [0][]{chapter.2}{\376\377\0002\000\040\164\006\213\272\127\372\170\100}{}% 33
\BOOKMARK [1][]{section.2.1}{\376\377\0002\000.\0001\000\040\000S\000t\000e\000r\000n\000-\000G\000e\000r\000l\000a\000c\000h\133\236\232\214}{chapter.2}% 34
\BOOKMARK [2][]{subsection.2.1.1}{\376\377\0002\000.\0001\000.\0001\000\040\176\247\200\124\000S\000-\000G\133\236\232\214}{section.2.1}% 35
\BOOKMARK [1][]{section.2.2}{\376\377\0002\000.\0002\000\040\165\050\176\277\140\047\116\343\145\160\166\204\213\355\212\000\147\145\143\317\217\360\122\233\133\146\221\317}{chapter.2}% 36
\BOOKMARK [2][]{subsection.2.2.1}{\376\377\0002\000.\0002\000.\0001\000\040\142\323\134\125\122\060\145\340\172\167\176\364}{section.2.2}% 37
\BOOKMARK [2][]{subsection.2.2.2}{\376\377\0002\000.\0002\000.\0002\000\040\121\205\171\357}{section.2.2}% 38
\BOOKMARK [2][]{subsection.2.2.3}{\376\377\0002\000.\0002\000.\0003\000\040\000D\000i\000r\000a\000c\137\122\116\000\123\026}{section.2.2}% 39
\BOOKMARK [3][]{subsubsection.2.2.3.1}{\376\377\0002\000.\0002\000.\0003\000.\0001\000\040\000D\000i\000r\000a\000c\000-\000d\000e\000l\000t\000a\121\375\145\160\166\204\140\047\215\050}{subsection.2.2.3}% 40
\BOOKMARK [2][]{subsection.2.2.4}{\376\377\0002\000.\0002\000.\0004\000\040\145\340\172\167\176\364\116\013\166\204\173\227\173\046}{section.2.2}% 41
\BOOKMARK [3][]{subsubsection.2.2.4.1}{\376\377\0002\000.\0002\000.\0004\000.\0001\000\040\117\115\177\156\173\227\173\046\000X}{subsection.2.2.4}% 42
\BOOKMARK [3][]{subsubsection.2.2.4.2}{\376\377\0002\000.\0002\000.\0004\000.\0002\000\040\145\340\226\120\176\364\116\013\166\204\123\204\174\163\173\227\173\046}{subsection.2.2.4}% 43
\BOOKMARK [3][]{subsubsection.2.2.4.3}{\376\377\0002\000.\0002\000.\0004\000.\0003\000\040\122\233\133\146\221\317\166\204\136\163\127\107\120\074}{subsection.2.2.4}% 44
\BOOKMARK [3][]{subsubsection.2.2.4.4}{\376\377\0002\000.\0002\000.\0004\000.\0004\000\040\221\317\133\120\122\233\133\146\116\224\131\047\120\107\213\276}{subsection.2.2.4}% 45
\BOOKMARK [1][]{section.2.3}{\376\377\0002\000.\0003\000\040\201\352\145\313\0001\000/\0002\174\373\176\337\166\204\167\351\226\065\137\142\137\017}{chapter.2}% 46
\BOOKMARK [2][]{subsection.2.3.1}{\376\377\0002\000.\0003\000.\0001\000\040\000\050\116\015\000\051\166\370\133\271\122\233\133\146\221\317\124\214\133\371\146\023\121\163\174\373}{section.2.3}% 47
\BOOKMARK [3][]{subsubsection.2.3.1.1}{\376\377\0002\000.\0003\000.\0001\000.\0001\000\040\122\233\133\146\221\317\133\214\121\150\226\306}{subsection.2.3.1}% 48
\BOOKMARK [3][]{subsubsection.2.3.1.2}{\376\377\0002\000.\0003\000.\0001\000.\0002\000\040\116\015\170\156\133\232\140\047\123\237\164\006\124\214\000E\000h\000r\000e\000n\000f\000e\000s\000t\133\232\164\006}{subsection.2.3.1}% 49
\BOOKMARK [3][]{subsubsection.2.3.1.3}{\376\377\0002\000.\0003\000.\0001\000.\0003\000\040\210\150\214\141\123\330\143\142}{subsection.2.3.1}% 50
\BOOKMARK [3][]{subsubsection.2.3.1.4}{\376\377\0002\000.\0003\000.\0001\000.\0004\000\040\116\015\124\014\210\150\214\141\166\204\154\342\121\375\145\160}{subsection.2.3.1}% 51
\BOOKMARK [3][]{subsubsection.2.3.1.5}{\376\377\0002\000.\0003\000.\0001\000.\0005\000\040\000p\210\150\214\141\116\013\166\204\000x\173\227\173\046}{subsection.2.3.1}% 52
\BOOKMARK [3][]{subsubsection.2.3.1.6}{\376\377\0002\000.\0003\000.\0001\000.\0006\000\040\000p\210\150\214\141\116\013\166\204\200\375\221\317\147\054\137\201\145\271\172\013}{subsection.2.3.1}% 53
\BOOKMARK [3][]{subsubsection.2.3.1.7}{\376\377\0002\000.\0003\000.\0001\000.\0007\000\040\172\172\225\364\136\163\171\373\116\016\122\250\221\317\173\227\173\046}{subsection.2.3.1}% 54
\BOOKMARK [0][]{chapter.3}{\376\377\0003\000\040\221\317\133\120\122\250\122\233\133\146}{}% 55
\BOOKMARK [1][]{section.3.1}{\376\377\0003\000.\0001\000\040\145\366\225\364\136\163\171\373\116\016\145\366\225\364\157\024\123\026\173\227\173\046}{chapter.3}% 56
\BOOKMARK [1][]{section.3.2}{\376\377\0003\000.\0002\000\040\201\352\145\313\000s\000=\0001\000/\0002\117\123\174\373\116\055\166\204\145\366\225\364\157\024\123\026}{chapter.3}% 57
\BOOKMARK [1][]{section.3.3}{\376\377\0003\000.\0003\000\040\176\330\146\157}{chapter.3}% 58
\BOOKMARK [0][]{chapter.4}{\376\377\0004\000\040\116\000\176\364\225\356\230\230}{}% 59
\BOOKMARK [1][]{section.4.1}{\376\377\0004\000.\0001\000\040\133\232\140\001\000S\000c\000h\000r\000\366\000d\000i\000n\000g\000e\000r\000\040\145\271\172\013}{chapter.4}% 60
\BOOKMARK [1][]{section.4.2}{\376\377\0004\000.\0002\000\040\000v\000i\000r\000i\000a\000l\133\232\164\006\124\214\000F\000-\000H\133\232\164\006}{chapter.4}% 61
\BOOKMARK [1][]{section.4.3}{\376\377\0004\000.\0003\000\040\116\000\176\364\145\340\226\120\155\361\145\271\122\277\226\061}{chapter.4}% 62
\BOOKMARK [2][]{subsection.4.3.1}{\376\377\0004\000.\0003\000.\0001\000\040\116\011\176\364\145\340\226\120\155\361\145\271\122\277\226\061}{section.4.3}% 63
\BOOKMARK [2][]{subsection.4.3.2}{\376\377\0004\000.\0003\000.\0002\000\040\147\137\177\032\140\001\124\214\145\143\134\004\140\001}{section.4.3}% 64
\BOOKMARK [2][]{subsection.4.3.3}{\376\377\0004\000.\0003\000.\0003\000\040\116\000\176\364\133\232\140\001\166\204\121\340\116\052\127\372\147\054\124\175\230\230}{section.4.3}% 65
\BOOKMARK [1][]{section.4.4}{\376\377\0004\000.\0004\000\040\116\000\176\364\147\011\226\120\155\361\145\271\122\277\226\061}{chapter.4}% 66
\BOOKMARK [2][]{subsection.4.4.1}{\376\377\0004\000.\0004\000.\0001\000\040\147\137\177\032\140\001}{section.4.4}% 67
\BOOKMARK [2][]{subsection.4.4.2}{\376\377\0004\000.\0004\000.\0002\000\040\145\143\134\004\140\001}{section.4.4}% 68
\BOOKMARK [1][]{section.4.5}{\376\377\0004\000.\0005\000\040\201\352\165\061\174\222\133\120}{chapter.4}% 69
\BOOKMARK [2][]{subsection.4.5.1}{\376\377\0004\000.\0005\000.\0001\000\040\151\202\163\207\155\101\133\306\136\246}{section.4.5}% 70
\BOOKMARK [1][]{section.4.6}{\376\377\0004\000.\0006\000\040\116\000\176\364\147\011\226\120\232\330\145\271\122\277\127\222\124\214\221\317\133\120\226\247\172\177}{chapter.4}% 71
\BOOKMARK [1][]{section.4.7}{\376\377\0004\000.\0007\000\040\000d\000e\000l\000t\000a\122\277\226\061\000/\122\277\127\222}{chapter.4}% 72
\BOOKMARK [1][]{section.4.8}{\376\377\0004\000.\0008\000\040\173\200\214\020\143\057\133\120}{chapter.4}% 73
\BOOKMARK [0][]{chapter.5}{\376\377\0005\000\040\211\322\122\250\221\317\164\006\213\272}{}% 74
\BOOKMARK [1][]{section.5.1}{\376\377\0005\000.\0001\000\040\211\322\122\250\221\317\166\204\116\000\202\054\164\006\213\272}{chapter.5}% 75
\BOOKMARK [1][]{section.5.2}{\376\377\0005\000.\0002\000\040\211\322\122\250\221\317\166\204\147\054\137\201\120\074\124\214\147\054\137\201\167\342}{chapter.5}% 76
\BOOKMARK [1][]{section.5.3}{\376\377\0005\000.\0003\000\040\217\150\220\123\211\322\122\250\221\317}{chapter.5}% 77
\BOOKMARK [1][]{section.5.4}{\376\377\0005\000.\0004\000\040\201\352\145\313\211\322\122\250\221\317\124\214\000p\000a\000u\000l\000i\173\227\173\046}{chapter.5}% 78
\BOOKMARK [1][]{section.5.5}{\376\377\0005\000.\0005\000\040\165\065\133\120\201\352\145\313\127\050\116\373\141\017\145\271\124\021\166\204\142\225\137\161}{chapter.5}% 79
\BOOKMARK [1][]{section.5.6}{\376\377\0005\000.\0006\000\040\211\322\122\250\221\317\166\204\124\010\142\020}{chapter.5}% 80
\BOOKMARK [2][]{subsection.5.6.1}{\376\377\0005\000.\0006\000.\0001\000\040\116\044\116\052\116\000\202\054\211\322\122\250\221\317\166\204\124\010\142\020}{section.5.6}% 81
\BOOKMARK [2][]{subsection.5.6.2}{\376\377\0005\000.\0006\000.\0002\000\040\123\314\201\352\145\313\0001\000/\0002\174\222\133\120}{section.5.6}% 82
\BOOKMARK [1][]{section.5.7}{\376\377\0005\000.\0007\000\040\200\046\124\010\210\150\214\141}{chapter.5}% 83
\BOOKMARK [2][]{subsection.5.7.1}{\376\377\0005\000.\0007\000.\0001\000\040\201\352\145\313\000-\217\150\220\123\200\046\124\010\000\050\000L\000-\000S\200\046\124\010\116\016\000J\000-\000J\200\046\124\010\000\051}{section.5.7}% 84
\BOOKMARK [2][]{subsection.5.7.2}{\376\377\0005\000.\0007\000.\0002\000\040\227\136\200\046\124\010\210\150\214\141}{section.5.7}% 85
\BOOKMARK [2][]{subsection.5.7.3}{\376\377\0005\000.\0007\000.\0003\000\040\200\046\124\010\210\150\214\141}{section.5.7}% 86
\BOOKMARK [2][]{subsection.5.7.4}{\376\377\0005\000.\0007\000.\0004\000\040\123\314\201\352\145\313\0001\000/\0002\174\373\176\337\227\136\200\046\124\010\210\150\214\141\124\214\200\046\124\010\210\150\214\141\166\204\200\124\174\373}{section.5.7}% 87
