\BOOKMARK [0][]{chapter.1}{\376\377\0001\000\040\142\323\142\121\172\172\225\364\127\372\170\100}{}% 1
\BOOKMARK [1][]{section.1.1}{\376\377\0001\000.\0001\000\040\142\323\142\121\172\172\225\364\166\204\133\232\116\111}{chapter.1}% 2
\BOOKMARK [1][]{section.1.2}{\376\377\0001\000.\0002\000\040\137\000\226\306\116\016\225\355\226\306}{chapter.1}% 3
\BOOKMARK [0][]{chapter.2}{\376\377\0002\000\040\217\336\176\355\146\040\134\004}{}% 4
\BOOKMARK [0][]{chapter.3}{\376\377\0003\000\040\177\121\116\016\145\066\145\133}{}% 5
\BOOKMARK [1][]{section.3.1}{\376\377\0003\000.\0001\000\040\230\204\136\217\226\306\116\016\133\232\124\021\226\306}{chapter.3}% 6
\BOOKMARK [1][]{section.3.2}{\376\377\0003\000.\0002\000\040\177\121\166\204\133\232\116\111\116\016\145\066\145\133}{chapter.3}% 7
\BOOKMARK [0][]{chapter.4}{\376\377\0004\000\040\142\323\142\121\166\204\165\037\142\020}{}% 8
\BOOKMARK [1][]{section.4.1}{\376\377\0004\000.\0001\000\040\142\323\142\121\145\317\166\204\116\244}{chapter.4}% 9
\BOOKMARK [1][]{section.4.2}{\376\377\0004\000.\0002\000\040\142\323\142\121\127\372\116\016\133\120\127\372}{chapter.4}% 10
\BOOKMARK [0][]{chapter.5}{\376\377\0005\000\040\122\006\171\273\121\154\164\006}{}% 11
\BOOKMARK [1][]{section.5.1}{\376\377\0005\000.\0001\000\040\156\344\133\120\116\016\156\344\127\372}{chapter.5}% 12
\BOOKMARK [1][]{section.5.2}{\376\377\0005\000.\0002\000\040\153\143\122\031\172\172\225\364\116\016\153\143\211\304\172\172\225\364}{chapter.5}% 13
\BOOKMARK [0][]{chapter.6}{\376\377\0006\000\040\175\047\201\364\140\047}{}% 14
\BOOKMARK [1][]{section.6.1}{\376\377\0006\000.\0001\000\040\175\047\172\172\225\364}{chapter.6}% 15
\BOOKMARK [0][]{chapter.7}{\376\377\0007\000\040\133\214\121\150\153\143\122\031\172\172\225\364\116\016\000\040\000U\000r\000y\000s\000o\000h\000n\000\040\137\025\164\006}{}% 16
\BOOKMARK [1][]{section.7.1}{\376\377\0007\000.\0001\000\040\133\214\121\150\153\143\122\031\172\172\225\364}{chapter.7}% 17
\BOOKMARK [1][]{section.7.2}{\376\377\0007\000.\0002\000\040\000U\000r\000y\000s\000o\000h\000n\000\040\137\025\164\006}{chapter.7}% 18
\BOOKMARK [0][]{chapter.8}{\376\377\0008\000\040\123\357\122\006\140\047\116\016\123\357\145\160\140\047\121\154\164\006}{}% 19
\BOOKMARK [1][]{section.8.1}{\376\377\0008\000.\0001\000\040\123\357\122\006\172\172\225\364\116\016\172\040\133\306\140\047}{chapter.8}% 20
\BOOKMARK [1][]{section.8.2}{\376\377\0008\000.\0002\000\040\000L\000i\000n\000d\000e\000l\000\366\000f\000f\000\040\172\172\225\364\116\016\153\143\211\304\140\047}{chapter.8}% 21
\BOOKMARK [1][]{section.8.3}{\376\377\0008\000.\0003\000\040\173\054\116\214\123\357\145\160\172\172\225\364}{chapter.8}% 22
\BOOKMARK [1][]{section.8.4}{\376\377\0008\000.\0004\000\040\123\357\136\246\221\317\172\172\225\364}{chapter.8}% 23
\BOOKMARK [0][]{chapter.9}{\376\377\0009\000\040\116\130\171\357\116\016\124\214}{}% 24
\BOOKMARK [1][]{section.9.1}{\376\377\0009\000.\0001\000\040\116\130\171\357\142\323\142\121\116\016\121\166\133\120\127\372}{chapter.9}% 25
\BOOKMARK [1][]{section.9.2}{\376\377\0009\000.\0002\000\040\133\120\177\121\116\016\200\132\160\271}{chapter.9}% 26
\BOOKMARK [2][]{subsection.9.2.1}{\376\377\0009\000.\0002\000.\0001\000\040\175\047\140\047\116\016\145\066\145\133\133\120\177\121}{section.9.2}% 27
\BOOKMARK [2][]{subsection.9.2.2}{\376\377\0009\000.\0002\000.\0002\000\040\142\323\142\121\124\214\166\204\217\336\176\355\140\047\116\016\123\357\136\246\221\317\140\047}{section.9.2}% 28
\BOOKMARK [2][]{subsection.9.2.3}{\376\377\0009\000.\0002\000.\0003\000\040\000P\000o\000l\000i\000s\000h\000\040\172\172\225\364\166\204\134\001\225\355\140\047}{section.9.2}% 29
\BOOKMARK [2][]{subsection.9.2.4}{\376\377\0009\000.\0002\000.\0004\000\040\123\357\145\160\140\047\137\025\164\006\116\016\123\357\145\160\116\130\171\357\166\204\173\054\116\214\123\357\145\160\140\047}{section.9.2}% 30
\BOOKMARK [0][]{chapter.10}{\376\377\0001\0000\000\040\217\336\220\032\140\047\116\016\124\014\117\046}{}% 31
\BOOKMARK [1][]{section.10.1}{\376\377\0001\0000\000.\0001\000\040\217\336\220\032\140\047\116\016\217\336\176\355\120\317}{chapter.10}% 32
\BOOKMARK [2][]{subsection.10.1.1}{\376\377\0001\0000\000.\0001\000.\0001\000\040\000R\000\040\166\204\217\336\220\032\140\047\060\001\116\313\120\074\140\047\116\016\220\123\215\357\217\336\220\032}{section.10.1}% 33
\BOOKMARK [2][]{subsection.10.1.2}{\376\377\0001\0000\000.\0001\000.\0002\000\040\134\100\220\350\217\336\220\032\116\016\134\100\220\350\220\123\215\357\217\336\220\032}{section.10.1}% 34
\BOOKMARK [1][]{section.10.2}{\376\377\0001\0000\000.\0002\000\040\124\014\117\046\116\016\127\372\147\054\177\244}{chapter.10}% 35
\BOOKMARK [0][]{chapter.11}{\376\377\0001\0001\000\040\134\100\220\350\175\047\172\172\225\364\116\016\000\040\000B\000a\000i\000r\000e\000\040\203\003\165\164}{}% 36
\BOOKMARK [1][]{section.11.1}{\376\377\0001\0001\000.\0001\000\040\134\100\220\350\175\047\172\172\225\364}{chapter.11}% 37
\BOOKMARK [1][]{section.11.2}{\376\377\0001\0001\000.\0002\000\040\000B\000a\000i\000r\000e\000\040\172\172\225\364\116\016\176\262}{chapter.11}% 38
\BOOKMARK [2][]{subsection.11.2.1}{\376\377\0001\0001\000.\0002\000.\0001\000\040\000B\000a\000i\000r\000e\000\040\172\172\225\364\116\016\176\262\166\204\133\232\116\111}{section.11.2}% 39
\BOOKMARK [2][]{subsection.11.2.2}{\376\377\0001\0001\000.\0002\000.\0002\000\040\000B\000a\000i\000r\000e\000\040\172\172\225\364\166\204\127\372\147\054\140\047\215\050}{section.11.2}% 40
\BOOKMARK [1][]{section.11.3}{\376\377\0001\0001\000.\0003\000\040\237\120\140\047\172\172\225\364\116\016\177\244\117\134\165\050}{chapter.11}% 41
\BOOKMARK [2][]{subsection.11.3.1}{\376\377\0001\0001\000.\0003\000.\0001\000\040\142\323\142\121\177\244\060\001\125\106\146\040\134\004\116\016\226\152\226\306\172\172\225\364}{section.11.3}% 42
\BOOKMARK [2][]{subsection.11.3.2}{\376\377\0001\0001\000.\0003\000.\0002\000\040\000S\000o\000r\000g\000e\000n\000f\000r\000e\000y\000\040\176\277\116\016\000\040\000L\000i\000n\000d\000e\000l\000\366\000f\000f\000\040\237\120\140\047\172\172\225\364}{section.11.3}% 43
\BOOKMARK [2][]{subsection.11.3.3}{\376\377\0001\0001\000.\0003\000.\0003\000\040\123\357\145\160\237\120\140\047\116\016\000\040\000B\000a\000i\000r\000e\000\040\140\047}{section.11.3}% 44
\BOOKMARK [1][]{section.11.4}{\376\377\0001\0001\000.\0004\000\040\116\130\171\357\116\016\142\052\227\142}{chapter.11}% 45
\BOOKMARK [2][]{subsection.11.4.1}{\376\377\0001\0001\000.\0004\000.\0001\000\040\225\355\123\005\116\016\121\205\220\350}{section.11.4}% 46
\BOOKMARK [2][]{subsection.11.4.2}{\376\377\0001\0001\000.\0004\000.\0002\000\040\142\052\227\142\116\016\000\040\000K\000u\000r\000a\000t\000o\000w\000s\000k\000i\040\023\000U\000l\000a\000m\000\040\127\213\176\323\213\272}{section.11.4}% 47
\BOOKMARK [1][]{section.11.5}{\376\377\0001\0001\000.\0005\000\040\000G\000\040\226\306\116\016\133\214\131\007\136\246\221\317\123\026}{chapter.11}% 48
\BOOKMARK [2][]{subsection.11.5.1}{\376\377\0001\0001\000.\0005\000.\0001\000\040\000L\000a\000v\000r\000e\000n\000t\000i\000e\000v\000\040\136\366\142\323\116\016\133\214\131\007\140\047\173\111\116\367\122\073\165\073}{section.11.5}% 49
\BOOKMARK [2][]{subsection.11.5.2}{\376\377\0001\0001\000.\0005\000.\0002\000\040\000G\000\040\226\306\166\204\117\040\220\022\140\047\116\016\000\040\000P\000o\000l\000i\000s\000h\000\040\133\120\172\172\225\364}{section.11.5}% 50
\BOOKMARK [1][]{section.11.6}{\376\377\0001\0001\000.\0006\000\040\000P\000o\000l\000i\000s\000h\000\040\172\172\225\364\166\204\127\372\145\160\116\016\000\040\000C\000a\000n\000t\000o\000r\040\023\000B\000e\000n\000d\000i\000x\000s\000o\000n\000\040\122\006\211\343}{chapter.11}% 51
\BOOKMARK [1][]{section.11.7}{\376\377\0001\0001\000.\0007\000\040\000S\000u\000s\000l\000i\000n\000\040\172\172\225\364\116\016\000\040\000B\000o\000r\000e\000l\000\040\226\306}{chapter.11}% 52
\BOOKMARK [2][]{subsection.11.7.1}{\376\377\0001\0001\000.\0007\000.\0001\000\040\000S\000u\000s\000l\000i\000n\000\040\172\172\225\364\166\204\133\232\116\111\116\016\127\372\147\054\140\047\215\050}{section.11.7}% 53
\BOOKMARK [2][]{subsection.11.7.2}{\376\377\0001\0001\000.\0007\000.\0002\000\040\000S\000u\000s\000l\000i\000n\000\040\172\172\225\364\166\204\134\001\225\355\140\047\215\050}{section.11.7}% 54
\BOOKMARK [2][]{subsection.11.7.3}{\376\377\0001\0001\000.\0007\000.\0003\000\040\000-\116\343\145\160\116\016\000\040\000B\000o\000r\000e\000l\000\040\226\306}{section.11.7}% 55
\BOOKMARK [2][]{subsection.11.7.4}{\376\377\0001\0001\000.\0007\000.\0004\000\040\000B\000a\000i\000r\000e\000\040\172\172\225\364\116\016\000\040\000P\000o\000l\000i\000s\000h\000\040\172\172\225\364\166\204\217\336\176\355\120\317}{section.11.7}% 56
\BOOKMARK [2][]{subsection.11.7.5}{\376\377\0001\0001\000.\0007\000.\0005\000\040\000B\000o\000r\000e\000l\000\040\123\357\122\006\171\273\116\016\000\040\000L\000u\000s\000i\000n\000\040\122\006\171\273\133\232\164\006}{section.11.7}% 57
\BOOKMARK [2][]{subsection.11.7.6}{\376\377\0001\0001\000.\0007\000.\0006\000\040\000B\000o\000r\000e\000l\000\040\123\357\155\113\146\040\134\004}{section.11.7}% 58
\BOOKMARK [2][]{subsection.11.7.7}{\376\377\0001\0001\000.\0007\000.\0007\000\040\000L\000u\000s\000i\000n\000\040\172\172\225\364}{section.11.7}% 59
